<html>
<body>
<pre>
<h1>µVision Build Log</h1>
<h2>Tool Versions:</h2>
IDE-Version: µVision V5.29.0.0
Copyright (C) 2019 ARM Ltd and ARM Germany GmbH. All rights reserved.
License Information: shehab kotb, ain shams university, LIC=----
 
Tool Versions:
Toolchain:       MDK-Lite  Version: 5.29.0.0
Toolchain Path:  C:\Keil_v5\ARM\ARMCC\Bin
C Compiler:      Armcc.exe V5.06 update 6 (build 750)
Assembler:       Armasm.exe V5.06 update 6 (build 750)
Linker/Locator:  ArmLink.exe V5.06 update 6 (build 750)
Library Manager: ArmAr.exe V5.06 update 6 (build 750)
Hex Converter:   FromElf.exe V5.06 update 6 (build 750)
CPU DLL:         SARMCM3.DLL V5.29.0.0
Dialog DLL:      DCM.DLL V1.17.3.0
Target DLL:      lmidk-agdi.dll V???
Dialog DLL:      TCM.DLL V1.36.5.0
 
<h2>Project:</h2>
C:\Users\shehab\Desktop\a_textbooks\8th semester\CSE345 Real Time and Embedded Systems Design\project\FreeRTOS_Lab3\FreeRTOS_Lab1\FreeRTOS_Lab1.uvprojx
Project File Date:  02/22/2020

<h2>Output:</h2>
*** Using Compiler 'V5.06 update 6 (build 750)', folder: 'C:\Keil_v5\ARM\ARMCC\Bin'
Build target 'Target 1'
compiling main.c...
main.c(9): warning:  #1295-D: Deprecated declaration vApplicationIdleHook - give arg types
  void vApplicationIdleHook();
main.c(13): warning:  #1295-D: Deprecated declaration Go_North_South - give arg types
  void Go_North_South();
main.c(14): warning:  #1295-D: Deprecated declaration Go_East_west - give arg types
  void Go_East_west();
main.c(15): warning:  #1295-D: Deprecated declaration Go_pedestrian - give arg types
  void Go_pedestrian();
main.c(16): warning:  #1295-D: Deprecated declaration Turn_Red_Leds_on - give arg types
  void Turn_Red_Leds_on();
main.c(17): warning:  #1295-D: Deprecated declaration Blink_Red_Leds - give arg types
  void Blink_Red_Leds();
main.c: 6 warnings, 0 errors
linking...
Program Size: Code=10296 RO-data=652 RW-data=156 ZI-data=4948  
".\Objects\FreeRTOS_Lab1.axf" - 0 Error(s), 6 Warning(s).

<h2>Software Packages used:</h2>

Package Vendor: ARM
                http://www.keil.com/pack/ARM.CMSIS.5.6.0.pack
                ARM.CMSIS.5.6.0
                CMSIS (Cortex Microcontroller Software Interface Standard)
   * Component: CORE Version: 5.3.0

Package Vendor: ARM
                http://www.keil.com/pack/ARM.CMSIS-FreeRTOS.10.3.0.pack
                ARM.CMSIS-FreeRTOS.10.3.0
                Bundle of FreeRTOS for Cortex-M and Cortex-A
   * Component: Config Variant: FreeRTOS Version: 10.2.1
   * Component: Core Variant: Cortex-M Version: 10.2.1
   * Component: Heap Variant: Heap_1 Version: 10.2.1
   * Component: Timers Version: 10.2.1

Package Vendor: Keil
                http://www.keil.com/pack/Keil.TM4C_DFP.1.1.0.pack
                Keil.TM4C_DFP.1.1.0
                Texas Instruments Tiva C Series Device Support and Examples
   * Component: Startup Version: 1.0.1

<h2>Collection of Component include folders:</h2>
  .\RTE\RTOS
  .\RTE\_Target_1
  C:\Users\shehab\AppData\Local\Arm\Packs\ARM\CMSIS-FreeRTOS\10.3.0\CMSIS\RTOS2\FreeRTOS\Include
  C:\Users\shehab\AppData\Local\Arm\Packs\ARM\CMSIS-FreeRTOS\10.3.0\Source\include
  C:\Users\shehab\AppData\Local\Arm\Packs\ARM\CMSIS-FreeRTOS\10.3.0\Source\portable\RVDS\ARM_CM4F
  C:\Users\shehab\AppData\Local\Arm\Packs\ARM\CMSIS\5.6.0\CMSIS\Core\Include
  C:\Users\shehab\AppData\Local\Arm\Packs\Keil\TM4C_DFP\1.1.0\Device\Include\TM4C123

<h2>Collection of Component Files used:</h2>

   * Component: ARM.FreeRTOS::RTOS:Config:FreeRTOS:10.2.1
      Include file:  Config\ARMCM\FreeRTOSConfig.h

   * Component: ARM.FreeRTOS::RTOS:Core:Cortex-M:10.2.1
      Include file:  Source\include\FreeRTOS.h
      Include file:  Source\include\queue.h
      Include file:  Source\include\semphr.h
      Source file:   Source\portable\RVDS\ARM_CM4F\port.c
      Source file:   Source\list.c
      Source file:   Source\tasks.c
      Include file:  Source\include\task.h
      Source file:   Source\queue.c
      Source file:   CMSIS\RTOS2\FreeRTOS\Source\freertos_evr.c

   * Component: ARM.FreeRTOS::RTOS:Heap:Heap_1:10.2.1
      Source file:   Source\portable\MemMang\heap_1.c

   * Component: ARM.FreeRTOS::RTOS:Timers:10.2.1
      Include file:  Source\include\timers.h
      Source file:   Source\timers.c

   * Component: ARM::CMSIS:CORE:5.3.0

   * Component: Keil::Device:Startup:1.0.1
      Source file:   Device\Source\ARM\startup_TM4C123.s
      Source file:   Device\Source\system_TM4C123.c
      Include file:  Device\Include\TM4C123\TM4C123.h
Build Time Elapsed:  00:00:00
</pre>
</body>
</html>
