Component: ARM Compiler 5.06 update 6 (build 750) Tool: armlink [4d35ed]

==============================================================================

Section Cross References

    main.o(i.Car_Pedestrian_Task) refers to main.o(i.Go_North_South) for Go_North_South
    main.o(i.Car_Pedestrian_Task) refers to tasks.o(i.vTaskDelay) for vTaskDelay
    main.o(i.Car_Pedestrian_Task) refers to main.o(i.Go_pedestrian) for Go_pedestrian
    main.o(i.Car_Pedestrian_Task) refers to main.o(i.Go_East_west) for Go_East_west
    main.o(i.Car_Pedestrian_Task) refers to main.o(.data) for tgn
    main.o(i.Train_Task) refers to main.o(i.Turn_Red_Leds_on) for Turn_Red_Leds_on
    main.o(i.Train_Task) refers to tasks.o(i.xTaskGetTickCount) for xTaskGetTickCount
    main.o(i.Train_Task) refers to main.o(i.Busy_Wait_1ms) for Busy_Wait_1ms
    main.o(i.Train_Task) refers to main.o(i.Blink_Red_Leds) for Blink_Red_Leds
    main.o(i.Train_Task) refers to tasks.o(i.vTaskSuspend) for vTaskSuspend
    main.o(i.Train_Task) refers to main.o(.data) for fref
    main.o(i.main) refers to main.o(i.Ports_Init) for Ports_Init
    main.o(i.main) refers to tasks.o(i.xTaskCreate) for xTaskCreate
    main.o(i.main) refers to tasks.o(i.vTaskSuspend) for vTaskSuspend
    main.o(i.main) refers to tasks.o(i.vTaskStartScheduler) for vTaskStartScheduler
    main.o(i.main) refers to main.o(i.Car_Pedestrian_Task) for Car_Pedestrian_Task
    main.o(i.main) refers to main.o(.data) for xTrain_Task_Handle
    main.o(i.main) refers to main.o(i.Train_Task) for Train_Task
    main.o(i.vApplicationIdleHook) refers to tasks.o(i.vTaskResume) for vTaskResume
    main.o(i.vApplicationIdleHook) refers to main.o(.data) for SW1
    startup_tm4c123.o(STACK) refers (Special) to heapauxi.o(.text) for __use_two_region_memory
    startup_tm4c123.o(HEAP) refers (Special) to heapauxi.o(.text) for __use_two_region_memory
    startup_tm4c123.o(RESET) refers (Special) to heapauxi.o(.text) for __use_two_region_memory
    startup_tm4c123.o(RESET) refers to startup_tm4c123.o(STACK) for __initial_sp
    startup_tm4c123.o(RESET) refers to startup_tm4c123.o(.text) for Reset_Handler
    startup_tm4c123.o(RESET) refers to port.o(.emb_text) for SVC_Handler
    startup_tm4c123.o(RESET) refers to port.o(i.SysTick_Handler) for SysTick_Handler
    startup_tm4c123.o(.text) refers (Special) to heapauxi.o(.text) for __use_two_region_memory
    startup_tm4c123.o(.text) refers to system_tm4c123.o(i.SystemInit) for SystemInit
    startup_tm4c123.o(.text) refers to __main.o(!!!main) for __main
    startup_tm4c123.o(.text) refers to startup_tm4c123.o(HEAP) for Heap_Mem
    startup_tm4c123.o(.text) refers to startup_tm4c123.o(STACK) for Stack_Mem
    system_tm4c123.o(i.SystemCoreClockUpdate) refers to system_tm4c123.o(i.getOscClk) for getOscClk
    system_tm4c123.o(i.SystemCoreClockUpdate) refers to system_tm4c123.o(.data) for SystemCoreClock
    heap_1.o(i.pvPortMalloc) refers to tasks.o(i.vTaskSuspendAll) for vTaskSuspendAll
    heap_1.o(i.pvPortMalloc) refers to tasks.o(i.xTaskResumeAll) for xTaskResumeAll
    heap_1.o(i.pvPortMalloc) refers to heap_1.o(.data) for pucAlignedHeap
    heap_1.o(i.pvPortMalloc) refers to heap_1.o(.bss) for ucHeap
    heap_1.o(i.vPortInitialiseBlocks) refers to heap_1.o(.data) for xNextFreeByte
    heap_1.o(i.xPortGetFreeHeapSize) refers to heap_1.o(.data) for xNextFreeByte
    port.o(.emb_text) refers to tasks.o(i.vTaskSwitchContext) for vTaskSwitchContext
    port.o(.emb_text) refers to tasks.o(.data) for pxCurrentTCB
    port.o(i.SysTick_Handler) refers to tasks.o(i.xTaskIncrementTick) for xTaskIncrementTick
    port.o(i.prvTaskExitError) refers to port.o(.data) for uxCriticalNesting
    port.o(i.pxPortInitialiseStack) refers to port.o(i.prvTaskExitError) for prvTaskExitError
    port.o(i.vPortEndScheduler) refers to port.o(.data) for uxCriticalNesting
    port.o(i.vPortEnterCritical) refers to port.o(.data) for uxCriticalNesting
    port.o(i.vPortExitCritical) refers to port.o(.data) for uxCriticalNesting
    port.o(i.vPortSetupTimerInterrupt) refers to system_tm4c123.o(.data) for SystemCoreClock
    port.o(i.vPortSetupTimerInterrupt) refers to port.o(.data) for ulTimerCountsForOneTick
    port.o(i.vPortSuppressTicksAndSleep) refers to tasks.o(i.eTaskConfirmSleepModeStatus) for eTaskConfirmSleepModeStatus
    port.o(i.vPortSuppressTicksAndSleep) refers to tasks.o(i.vTaskStepTick) for vTaskStepTick
    port.o(i.vPortSuppressTicksAndSleep) refers to port.o(.data) for xMaximumPossibleSuppressedTicks
    port.o(i.vPortValidateInterruptPriority) refers to port.o(.emb_text) for vPortGetIPSR
    port.o(i.vPortValidateInterruptPriority) refers to port.o(.data) for ucMaxSysCallPriority
    port.o(i.xPortStartScheduler) refers to port.o(i.vPortSetupTimerInterrupt) for vPortSetupTimerInterrupt
    port.o(i.xPortStartScheduler) refers to port.o(.emb_text) for __asm___6_port_c_39a90d8d__prvEnableVFP
[...]
    libinit2.o(.ARM.Collect$$libinit$$00000014) refers to libinit2.o(.ARM.Collect$$libinit$$0000000F) for .ARM.Collect$$libinit$$0000000F
    libinit2.o(.ARM.Collect$$libinit$$00000016) refers to libinit2.o(.ARM.Collect$$libinit$$0000000F) for .ARM.Collect$$libinit$$0000000F
    libinit2.o(.ARM.Collect$$libinit$$00000018) refers to libinit2.o(.ARM.Collect$$libinit$$0000000F) for .ARM.Collect$$libinit$$0000000F
    libinit2.o(.ARM.Collect$$libinit$$00000026) refers to argv_veneer.o(.emb_text) for __ARM_argv_veneer
    libinit2.o(.ARM.Collect$$libinit$$00000027) refers to argv_veneer.o(.emb_text) for __ARM_argv_veneer
    rtexit2.o(.ARM.Collect$$rtexit$$00000003) refers to libshutdown.o(.ARM.Collect$$libshutdown$$00000000) for __rt_lib_shutdown
    rtexit2.o(.ARM.Collect$$rtexit$$00000004) refers to sys_exit.o(.text) for _sys_exit
    rtexit2.o(.ARM.exidx) refers to rtexit2.o(.ARM.Collect$$rtexit$$00000001) for .ARM.Collect$$rtexit$$00000001
    rtexit2.o(.ARM.exidx) refers to rtexit2.o(.ARM.Collect$$rtexit$$00000003) for .ARM.Collect$$rtexit$$00000003
    rtexit2.o(.ARM.exidx) refers to rtexit2.o(.ARM.Collect$$rtexit$$00000004) for .ARM.Collect$$rtexit$$00000004
    argv_veneer.o(.emb_text) refers to no_argv.o(.text) for __ARM_get_argv
    sys_exit.o(.text) refers (Special) to use_no_semi.o(.text) for __I$use$semihosting
    sys_exit.o(.text) refers (Special) to indicate_semi.o(.text) for __semihosting_library_function
    _get_argv_nomalloc.o(.text) refers (Special) to hrguard.o(.text) for __heap_region$guard
    _get_argv_nomalloc.o(.text) refers to defsig_rtmem_outer.o(.text) for __rt_SIGRTMEM
    _get_argv_nomalloc.o(.text) refers to sys_command.o(.text) for _sys_command_string
    libshutdown.o(.ARM.Collect$$libshutdown$$00000000) refers (Special) to libshutdown2.o(.ARM.Collect$$libshutdown$$00000002) for __rt_lib_shutdown_cpp_1
    libshutdown.o(.ARM.Collect$$libshutdown$$00000000) refers (Special) to libshutdown2.o(.ARM.Collect$$libshutdown$$00000007) for __rt_lib_shutdown_fp_trap_1
    libshutdown.o(.ARM.Collect$$libshutdown$$00000000) refers (Special) to libshutdown2.o(.ARM.Collect$$libshutdown$$0000000F) for __rt_lib_shutdown_heap_1
    libshutdown.o(.ARM.Collect$$libshutdown$$00000000) refers (Special) to libshutdown2.o(.ARM.Collect$$libshutdown$$00000010) for __rt_lib_shutdown_return
    libshutdown.o(.ARM.Collect$$libshutdown$$00000000) refers (Special) to libshutdown2.o(.ARM.Collect$$libshutdown$$0000000A) for __rt_lib_shutdown_signal_1
    libshutdown.o(.ARM.Collect$$libshutdown$$00000000) refers (Special) to libshutdown2.o(.ARM.Collect$$libshutdown$$00000004) for __rt_lib_shutdown_stdio_1
    libshutdown.o(.ARM.Collect$$libshutdown$$00000000) refers (Special) to libshutdown2.o(.ARM.Collect$$libshutdown$$0000000C) for __rt_lib_shutdown_user_alloc_1
    sys_command.o(.text) refers (Special) to use_no_semi.o(.text) for __I$use$semihosting
    sys_command.o(.text) refers (Special) to indicate_semi.o(.text) for __semihosting_library_function
    defsig_rtmem_outer.o(.text) refers to defsig_rtmem_inner.o(.text) for __rt_SIGRTMEM_inner
    defsig_rtmem_outer.o(.text) refers to defsig_exit.o(.text) for __sig_exit
    defsig_rtmem_formal.o(.text) refers to rt_raise.o(.text) for __rt_raise
    rt_raise.o(.text) refers to __raise.o(.text) for __raise
    rt_raise.o(.text) refers to sys_exit.o(.text) for _sys_exit
    defsig_exit.o(.text) refers to sys_exit.o(.text) for _sys_exit
    defsig_rtmem_inner.o(.text) refers to defsig_general.o(.text) for __default_signal_display
    __raise.o(.text) refers to defsig.o(CL$$defsig) for __default_signal_handler
    defsig_general.o(.text) refers to sys_wrch.o(.text) for _ttywrch
    sys_wrch.o(.text) refers (Special) to use_no_semi.o(.text) for __I$use$semihosting
    sys_wrch.o(.text) refers (Special) to indicate_semi.o(.text) for __semihosting_library_function
    defsig.o(CL$$defsig) refers to defsig_rtmem_inner.o(.text) for __rt_SIGRTMEM_inner
    defsig_abrt_inner.o(.text) refers to defsig_general.o(.text) for __default_signal_display
    defsig_fpe_inner.o(.text) refers to defsig_general.o(.text) for __default_signal_display
    defsig_rtred_inner.o(.text) refers to defsig_general.o(.text) for __default_signal_display
    defsig_stak_inner.o(.text) refers to defsig_general.o(.text) for __default_signal_display
    defsig_pvfn_inner.o(.text) refers to defsig_general.o(.text) for __default_signal_display
    defsig_cppl_inner.o(.text) refers to defsig_general.o(.text) for __default_signal_display
    defsig_segv_inner.o(.text) refers to defsig_general.o(.text) for __default_signal_display
    defsig_other.o(.text) refers to defsig_general.o(.text) for __default_signal_display


==============================================================================

Removing Unused input sections from the image.

    Removing system_tm4c123.o(.rev16_text), (4 bytes).
    Removing system_tm4c123.o(.revsh_text), (4 bytes).
    Removing system_tm4c123.o(.rrx_text), (6 bytes).
    Removing system_tm4c123.o(i.SystemCoreClockUpdate), (196 bytes).
    Removing system_tm4c123.o(i.getOscClk), (244 bytes).
    Removing heap_1.o(i.vPortInitialiseBlocks), (12 bytes).
    Removing heap_1.o(i.xPortGetFreeHeapSize), (16 bytes).
    Removing port.o(i.vPortEndScheduler), (48 bytes).
    Removing queue.o(i.prvGetDisinheritPriorityAfterTimeout), (20 bytes).
    Removing queue.o(i.prvInitialiseMutex), (30 bytes).
    Removing queue.o(i.ucQueueGetQueueType), (8 bytes).
    Removing queue.o(i.uxQueueGetQueueNumber), (6 bytes).
    Removing queue.o(i.uxQueueMessagesWaiting), (42 bytes).
    Removing queue.o(i.uxQueueMessagesWaitingFromISR), (34 bytes).
    Removing queue.o(i.uxQueueSpacesAvailable), (48 bytes).
    Removing queue.o(i.vQueueDelete), (38 bytes).
    Removing queue.o(i.vQueueSetQueueNumber), (4 bytes).
    Removing queue.o(i.xQueueAddToSet), (38 bytes).
    Removing queue.o(i.xQueueCreateCountingSemaphore), (92 bytes).
    Removing queue.o(i.xQueueCreateMutex), (34 bytes).
    Removing queue.o(i.xQueueCreateSet), (20 bytes).
    Removing queue.o(i.xQueueGetMutexHolder), (28 bytes).
    Removing queue.o(i.xQueueGetMutexHolderFromISR), (38 bytes).
    Removing queue.o(i.xQueueGiveFromISR), (246 bytes).
    Removing queue.o(i.xQueueGiveMutexRecursive), (72 bytes).
    Removing queue.o(i.xQueueIsQueueEmptyFromISR), (42 bytes).
    Removing queue.o(i.xQueueIsQueueFullFromISR), (46 bytes).
    Removing queue.o(i.xQueuePeek), (368 bytes).
    Removing queue.o(i.xQueuePeekFromISR), (176 bytes).
    Removing queue.o(i.xQueueReceiveFromISR), (202 bytes).
    Removing queue.o(i.xQueueRemoveFromSet), (48 bytes).
    Removing queue.o(i.xQueueSelectFromSet), (24 bytes).
    Removing queue.o(i.xQueueSelectFromSetFromISR), (22 bytes).
    Removing queue.o(i.xQueueSemaphoreTake), (440 bytes).
    Removing queue.o(i.xQueueTakeMutexRecursive), (78 bytes).
    Removing tasks.o(i.eTaskGetState), (148 bytes).
    Removing tasks.o(i.pcTaskGetName), (48 bytes).
    Removing tasks.o(i.prvListTasksWithinSingleList), (106 bytes).
    Removing tasks.o(i.prvSearchForNameWithinSingleList), (176 bytes).
    Removing tasks.o(i.prvTaskCheckFreeStackSpace), (22 bytes).
    Removing tasks.o(i.pvTaskIncrementMutexHeldCount), (32 bytes).
    Removing tasks.o(i.ulTaskNotifyTake), (116 bytes).
    Removing tasks.o(i.uxTaskGetNumberOfTasks), (12 bytes).
    Removing tasks.o(i.uxTaskGetStackHighWaterMark), (40 bytes).
    Removing tasks.o(i.uxTaskGetStackHighWaterMark2), (40 bytes).
    Removing tasks.o(i.uxTaskGetSystemState), (176 bytes).
    Removing tasks.o(i.uxTaskGetTaskNumber), (14 bytes).
    Removing tasks.o(i.uxTaskPriorityGet), (36 bytes).
    Removing tasks.o(i.uxTaskPriorityGetFromISR), (68 bytes).
    Removing tasks.o(i.uxTaskResetEventItemValue), (28 bytes).
    Removing tasks.o(i.vTaskDelayUntil), (212 bytes).
    Removing tasks.o(i.vTaskDelete), (244 bytes).
    Removing tasks.o(i.vTaskEndScheduler), (36 bytes).
    Removing tasks.o(i.vTaskGetInfo), (132 bytes).
    Removing tasks.o(i.vTaskNotifyGiveFromISR), (240 bytes).
    Removing tasks.o(i.vTaskPlaceOnUnorderedEventList), (108 bytes).
    Removing tasks.o(i.vTaskPriorityDisinheritAfterTimeout), (244 bytes).
    Removing tasks.o(i.vTaskPrioritySet), (276 bytes).
    Removing tasks.o(i.vTaskRemoveFromUnorderedEventList), (164 bytes).
    Removing tasks.o(i.vTaskSetTaskNumber), (8 bytes).
    Removing tasks.o(i.vTaskSetTimeOutState), (60 bytes).
    Removing tasks.o(i.xTaskAbortDelay), (160 bytes).
    Removing tasks.o(i.xTaskGenericNotify), (300 bytes).
    Removing tasks.o(i.xTaskGenericNotifyFromISR), (360 bytes).
    Removing tasks.o(i.xTaskGetCurrentTaskHandle), (12 bytes).
    Removing tasks.o(i.xTaskGetHandle), (164 bytes).
    Removing tasks.o(i.xTaskGetIdleTaskHandle), (48 bytes).
    Removing tasks.o(i.xTaskGetTickCountFromISR), (20 bytes).
    Removing tasks.o(i.xTaskNotifyStateClear), (52 bytes).
    Removing tasks.o(i.xTaskNotifyWait), (160 bytes).
    Removing tasks.o(i.xTaskPriorityInherit), (200 bytes).
    Removing tasks.o(i.xTaskResumeFromISR), (180 bytes).
    Removing timers.o(i.pcTimerGetName), (32 bytes).
    Removing timers.o(i.prvInitialiseNewTimer), (90 bytes).
    Removing timers.o(i.pvTimerGetTimerID), (44 bytes).
    Removing timers.o(i.uxTimerGetTimerNumber), (6 bytes).
    Removing timers.o(i.vTimerSetReloadMode), (70 bytes).
    Removing timers.o(i.vTimerSetTimerID), (44 bytes).
    Removing timers.o(i.vTimerSetTimerNumber), (4 bytes).
    Removing timers.o(i.xTimerCreate), (54 bytes).
    Removing timers.o(i.xTimerGetExpiryTime), (34 bytes).
    Removing timers.o(i.xTimerGetPeriod), (32 bytes).
    Removing timers.o(i.xTimerGetTimerDaemonTaskHandle), (48 bytes).
    Removing timers.o(i.xTimerIsTimerActive), (58 bytes).
    Removing timers.o(i.xTimerPendFunctionCall), (80 bytes).
    Removing timers.o(i.xTimerPendFunctionCallFromISR), (52 bytes).

86 unused section(s) (total 7864 bytes) removed from the image.

==============================================================================

Image Symbol Table

    Local Symbols

    Symbol Name                              Value     Ov Type        Size  Object(Section)

    RESET                                    0x00000000   Section      620  startup_tm4c123.o(RESET)
    ../clib/angel/boardlib.s                 0x00000000   Number         0  boardinit1.o ABSOLUTE
    ../clib/angel/boardlib.s                 0x00000000   Number         0  boardinit3.o ABSOLUTE
    ../clib/angel/boardlib.s                 0x00000000   Number         0  boardinit2.o ABSOLUTE
    ../clib/angel/boardlib.s                 0x00000000   Number         0  boardshut.o ABSOLUTE
    ../clib/angel/handlers.s                 0x00000000   Number         0  __scatter_copy.o ABSOLUTE
    ../clib/angel/handlers.s                 0x00000000   Number         0  __scatter_zi.o ABSOLUTE
    ../clib/angel/kernel.s                   0x00000000   Number         0  __rtentry.o ABSOLUTE
    ../clib/angel/kernel.s                   0x00000000   Number         0  rtexit.o ABSOLUTE
    ../clib/angel/kernel.s                   0x00000000   Number         0  rtexit2.o ABSOLUTE
    ../clib/angel/kernel.s                   0x00000000   Number         0  __rtentry2.o ABSOLUTE
    ../clib/angel/kernel.s                   0x00000000   Number         0  __rtentry4.o ABSOLUTE
    ../clib/angel/rt.s                       0x00000000   Number         0  rt_raise.o ABSOLUTE
    ../clib/angel/scatter.s                  0x00000000   Number         0  __scatter.o ABSOLUTE
    ../clib/angel/startup.s                  0x00000000   Number         0  __main.o ABSOLUTE
    ../clib/angel/sys.s                      0x00000000   Number         0  sys_stackheap_outer.o ABSOLUTE
    ../clib/angel/sys.s                      0x00000000   Number         0  libspace.o ABSOLUTE
    ../clib/angel/sys.s                      0x00000000   Number         0  indicate_semi.o ABSOLUTE
    ../clib/angel/sys.s                      0x00000000   Number         0  use_no_semi.o ABSOLUTE
    ../clib/angel/sysapp.c                   0x00000000   Number         0  sys_command.o ABSOLUTE
    ../clib/angel/sysapp.c                   0x00000000   Number         0  sys_wrch.o ABSOLUTE
    ../clib/angel/sysapp.c                   0x00000000   Number         0  sys_exit.o ABSOLUTE
    ../clib/armsys.c                         0x00000000   Number         0  argv_veneer.o ABSOLUTE
    ../clib/armsys.c                         0x00000000   Number         0  no_argv.o ABSOLUTE
    ../clib/armsys.c                         0x00000000   Number         0  _get_argv_nomalloc.o ABSOLUTE
    ../clib/armsys.c                         0x00000000   Number         0  argv_veneer.o ABSOLUTE
    ../clib/heapalloc.c                      0x00000000   Number         0  hrguard.o ABSOLUTE
    ../clib/heapaux.c                        0x00000000   Number         0  heapauxi.o ABSOLUTE
    ../clib/libinit.s                        0x00000000   Number         0  libinit.o ABSOLUTE
    ../clib/libinit.s                        0x00000000   Number         0  libshutdown.o ABSOLUTE
    ../clib/libinit.s                        0x00000000   Number         0  libshutdown2.o ABSOLUTE
    ../clib/libinit.s                        0x00000000   Number         0  libinit2.o ABSOLUTE
    ../clib/memcpset.s                       0x00000000   Number         0  aeabi_memset.o ABSOLUTE
    ../clib/memcpset.s                       0x00000000   Number         0  rt_memcpy_w.o ABSOLUTE
    ../clib/memcpset.s                       0x00000000   Number         0  rt_memcpy_v6.o ABSOLUTE
    ../clib/memcpset.s                       0x00000000   Number         0  rt_memclr.o ABSOLUTE
    ../clib/memcpset.s                       0x00000000   Number         0  rt_memclr_w.o ABSOLUTE
    ../clib/signal.c                         0x00000000   Number         0  defsig_rtmem_inner.o ABSOLUTE
    ../clib/signal.c                         0x00000000   Number         0  defsig_cppl_inner.o ABSOLUTE
    ../clib/signal.c                         0x00000000   Number         0  defsig_pvfn_inner.o ABSOLUTE
    ../clib/signal.c                         0x00000000   Number         0  defsig_stak_inner.o ABSOLUTE
    ../clib/signal.c                         0x00000000   Number         0  defsig_rtred_inner.o ABSOLUTE
    ../clib/signal.c                         0x00000000   Number         0  defsig_fpe_inner.o ABSOLUTE
    ../clib/signal.c                         0x00000000   Number         0  defsig_abrt_inner.o ABSOLUTE
    ../clib/signal.c                         0x00000000   Number         0  defsig_general.o ABSOLUTE
    ../clib/signal.c                         0x00000000   Number         0  __raise.o ABSOLUTE
    ../clib/signal.c                         0x00000000   Number         0  defsig_exit.o ABSOLUTE
    ../clib/signal.c                         0x00000000   Number         0  defsig_rtmem_formal.o ABSOLUTE
    ../clib/signal.c                         0x00000000   Number         0  defsig_rtmem_outer.o ABSOLUTE
    ../clib/signal.c                         0x00000000   Number         0  defsig_other.o ABSOLUTE
    ../clib/signal.c                         0x00000000   Number         0  defsig_segv_inner.o ABSOLUTE
    ../clib/signal.s                         0x00000000   Number         0  defsig.o ABSOLUTE
    ../clib/stdlib.c                         0x00000000   Number         0  exit.o ABSOLUTE
    ../clib/string.c                         0x00000000   Number         0  strlen.o ABSOLUTE
    ../fplib/fpinit.s                        0x00000000   Number         0  fpinit.o ABSOLUTE
    C:\Users\shehab\AppData\Local\Arm\Packs\ARM\CMSIS-FreeRTOS\10.3.0\CMSIS\RTOS2\FreeRTOS\Source\freertos_evr.c 0x00000000   Number         0  freertos_evr.o ABSOLUTE
    C:\Users\shehab\AppData\Local\Arm\Packs\ARM\CMSIS-FreeRTOS\10.3.0\Source\list.c 0x00000000   Number         0  list.o ABSOLUTE
    C:\Users\shehab\AppData\Local\Arm\Packs\ARM\CMSIS-FreeRTOS\10.3.0\Source\portable\MemMang\heap_1.c 0x00000000   Number         0  heap_1.o ABSOLUTE
    C:\Users\shehab\AppData\Local\Arm\Packs\ARM\CMSIS-FreeRTOS\10.3.0\Source\portable\RVDS\ARM_CM4F\port.c 0x00000000   Number         0  port.o ABSOLUTE
    C:\Users\shehab\AppData\Local\Arm\Packs\ARM\CMSIS-FreeRTOS\10.3.0\Source\queue.c 0x00000000   Number         0  queue.o ABSOLUTE
    C:\Users\shehab\AppData\Local\Arm\Packs\ARM\CMSIS-FreeRTOS\10.3.0\Source\tasks.c 0x00000000   Number         0  tasks.o ABSOLUTE
    C:\Users\shehab\AppData\Local\Arm\Packs\ARM\CMSIS-FreeRTOS\10.3.0\Source\timers.c 0x00000000   Number         0  timers.o ABSOLUTE
    C:\\Users\\shehab\\AppData\\Local\\Arm\\Packs\\ARM\\CMSIS-FreeRTOS\\10.3.0\\Source\\portable\\RVDS\\ARM_CM4F\\port.c 0x00000000   Number         0  port.o ABSOLUTE
    RTE\Device\TM4C123GH6PM\startup_TM4C123.s 0x00000000   Number         0  startup_tm4c123.o ABSOLUTE
    RTE\Device\TM4C123GH6PM\system_TM4C123.c 0x00000000   Number         0  system_tm4c123.o ABSOLUTE
    RTE\\Device\\TM4C123GH6PM\\system_TM4C123.c 0x00000000   Number         0  system_tm4c123.o ABSOLUTE
    dc.s                                     0x00000000   Number         0  dc.o ABSOLUTE
    main.c                                   0x00000000   Number         0  main.o ABSOLUTE
    !!!main                                  0x0000026c   Section        8  __main.o(!!!main)
    !!!scatter                               0x00000274   Section       52  __scatter.o(!!!scatter)
    !!handler_copy                           0x000002a8   Section       26  __scatter_copy.o(!!handler_copy)
    !!handler_zi                             0x000002c4   Section       28  __scatter_zi.o(!!handler_zi)
    .ARM.Collect$$libinit$$00000000          0x000002e0   Section        2  libinit.o(.ARM.Collect$$libinit$$00000000)
    .ARM.Collect$$libinit$$00000001          0x000002e2   Section        4  libinit2.o(.ARM.Collect$$libinit$$00000001)
    .ARM.Collect$$libinit$$00000004          0x000002e6   Section        0  libinit2.o(.ARM.Collect$$libinit$$00000004)
    .ARM.Collect$$libinit$$0000000A          0x000002e6   Section        0  libinit2.o(.ARM.Collect$$libinit$$0000000A)
    .ARM.Collect$$libinit$$0000000C          0x000002e6   Section        0  libinit2.o(.ARM.Collect$$libinit$$0000000C)
    .ARM.Collect$$libinit$$0000000E          0x000002e6   Section        0  libinit2.o(.ARM.Collect$$libinit$$0000000E)
    .ARM.Collect$$libinit$$00000011          0x000002e6   Section        0  libinit2.o(.ARM.Collect$$libinit$$00000011)
    .ARM.Collect$$libinit$$00000013          0x000002e6   Section        0  libinit2.o(.ARM.Collect$$libinit$$00000013)
    .ARM.Collect$$libinit$$00000015          0x000002e6   Section        0  libinit2.o(.ARM.Collect$$libinit$$00000015)
    .ARM.Collect$$libinit$$00000017          0x000002e6   Section        0  libinit2.o(.ARM.Collect$$libinit$$00000017)
    .ARM.Collect$$libinit$$00000019          0x000002e6   Section        0  libinit2.o(.ARM.Collect$$libinit$$00000019)
    .ARM.Collect$$libinit$$0000001B          0x000002e6   Section        0  libinit2.o(.ARM.Collect$$libinit$$0000001B)
    .ARM.Collect$$libinit$$0000001D          0x000002e6   Section        0  libinit2.o(.ARM.Collect$$libinit$$0000001D)
    .ARM.Collect$$libinit$$0000001F          0x000002e6   Section        0  libinit2.o(.ARM.Collect$$libinit$$0000001F)
    .ARM.Collect$$libinit$$00000021          0x000002e6   Section        0  libinit2.o(.ARM.Collect$$libinit$$00000021)
    .ARM.Collect$$libinit$$00000023          0x000002e6   Section        0  libinit2.o(.ARM.Collect$$libinit$$00000023)
    .ARM.Collect$$libinit$$00000025          0x000002e6   Section        0  libinit2.o(.ARM.Collect$$libinit$$00000025)
    .ARM.Collect$$libinit$$0000002C          0x000002e6   Section        0  libinit2.o(.ARM.Collect$$libinit$$0000002C)
    .ARM.Collect$$libinit$$0000002E          0x000002e6   Section        0  libinit2.o(.ARM.Collect$$libinit$$0000002E)
    .ARM.Collect$$libinit$$00000030          0x000002e6   Section        0  libinit2.o(.ARM.Collect$$libinit$$00000030)
    .ARM.Collect$$libinit$$00000032          0x000002e6   Section        0  libinit2.o(.ARM.Collect$$libinit$$00000032)
    .ARM.Collect$$libinit$$00000033          0x000002e6   Section        2  libinit2.o(.ARM.Collect$$libinit$$00000033)
    .ARM.Collect$$libshutdown$$00000000      0x000002e8   Section        2  libshutdown.o(.ARM.Collect$$libshutdown$$00000000)
    .ARM.Collect$$libshutdown$$00000002      0x000002ea   Section        0  libshutdown2.o(.ARM.Collect$$libshutdown$$00000002)
    .ARM.Collect$$libshutdown$$00000004      0x000002ea   Section        0  libshutdown2.o(.ARM.Collect$$libshutdown$$00000004)
    .ARM.Collect$$libshutdown$$00000007      0x000002ea   Section        0  libshutdown2.o(.ARM.Collect$$libshutdown$$00000007)
    .ARM.Collect$$libshutdown$$0000000A      0x000002ea   Section        0  libshutdown2.o(.ARM.Collect$$libshutdown$$0000000A)
    .ARM.Collect$$libshutdown$$0000000C      0x000002ea   Section        0  libshutdown2.o(.ARM.Collect$$libshutdown$$0000000C)
    .ARM.Collect$$libshutdown$$0000000F      0x000002ea   Section        0  libshutdown2.o(.ARM.Collect$$libshutdown$$0000000F)
    .ARM.Collect$$libshutdown$$00000010      0x000002ea   Section        2  libshutdown2.o(.ARM.Collect$$libshutdown$$00000010)
    .ARM.Collect$$rtentry$$00000000          0x000002ec   Section        0  __rtentry.o(.ARM.Collect$$rtentry$$00000000)
    .ARM.Collect$$rtentry$$00000002          0x000002ec   Section        0  __rtentry2.o(.ARM.Collect$$rtentry$$00000002)
    .ARM.Collect$$rtentry$$00000004          0x000002ec   Section        6  __rtentry4.o(.ARM.Collect$$rtentry$$00000004)
    .ARM.Collect$$rtentry$$00000009          0x000002f2   Section        0  __rtentry2.o(.ARM.Collect$$rtentry$$00000009)
    .ARM.Collect$$rtentry$$0000000A          0x000002f2   Section        4  __rtentry2.o(.ARM.Collect$$rtentry$$0000000A)
    .ARM.Collect$$rtentry$$0000000C          0x000002f6   Section        0  __rtentry2.o(.ARM.Collect$$rtentry$$0000000C)
    .ARM.Collect$$rtentry$$0000000D          0x000002f6   Section        8  __rtentry2.o(.ARM.Collect$$rtentry$$0000000D)
    .ARM.Collect$$rtexit$$00000000           0x000002fe   Section        2  rtexit.o(.ARM.Collect$$rtexit$$00000000)
    .ARM.Collect$$rtexit$$00000002           0x00000300   Section        0  rtexit2.o(.ARM.Collect$$rtexit$$00000002)
    .ARM.Collect$$rtexit$$00000003           0x00000300   Section        4  rtexit2.o(.ARM.Collect$$rtexit$$00000003)
    .ARM.Collect$$rtexit$$00000004           0x00000304   Section        6  rtexit2.o(.ARM.Collect$$rtexit$$00000004)
    .emb_text                                0x0000030c   Section      190  port.o(.emb_text)
    $v0                                      0x0000030c   Number         0  port.o(.emb_text)
    .text                                    0x000003cc   Section      276  startup_tm4c123.o(.text)
    $v0                                      0x000003cc   Number         0  startup_tm4c123.o(.text)
    .text                                    0x000004e0   Section      138  rt_memcpy_v6.o(.text)
    .text                                    0x0000056a   Section       16  aeabi_memset.o(.text)
    .text                                    0x0000057a   Section        0  heapauxi.o(.text)
    .text                                    0x00000580   Section      100  rt_memcpy_w.o(.text)
    .text                                    0x000005e4   Section       68  rt_memclr.o(.text)
    .text                                    0x00000628   Section       78  rt_memclr_w.o(.text)
    .text                                    0x00000676   Section       74  sys_stackheap_outer.o(.text)
    .text                                    0x000006c0   Section        0  exit.o(.text)
    .text                                    0x000006d4   Section        8  libspace.o(.text)
    .text                                    0x000006dc   Section        0  sys_exit.o(.text)
    .text                                    0x000006e8   Section        2  use_no_semi.o(.text)
    .text                                    0x000006ea   Section        0  indicate_semi.o(.text)
    i.Blink_Red_Leds                         0x000006ec   Section        0  main.o(i.Blink_Red_Leds)
    i.Busy_Wait_1ms                          0x00000718   Section        0  main.o(i.Busy_Wait_1ms)
    i.Car_Pedestrian_Task                    0x00000730   Section        0  main.o(i.Car_Pedestrian_Task)
    Car_Pedestrian_Task                      0x00000731   Thumb Code    78  main.o(i.Car_Pedestrian_Task)
    i.Go_East_west                           0x00000790   Section        0  main.o(i.Go_East_west)
    i.Go_North_South                         0x000007d0   Section        0  main.o(i.Go_North_South)
    i.Go_pedestrian                          0x00000810   Section        0  main.o(i.Go_pedestrian)
    i.Ports_Init                             0x0000084c   Section        0  main.o(i.Ports_Init)
    i.SysTick_Handler                        0x000008ac   Section        0  port.o(i.SysTick_Handler)
    i.SystemInit                             0x000008e0   Section        0  system_tm4c123.o(i.SystemInit)
    i.Train_Task                             0x00000978   Section        0  main.o(i.Train_Task)
    Train_Task                               0x00000979   Thumb Code    96  main.o(i.Train_Task)
    i.Turn_Red_Leds_on                       0x000009e8   Section        0  main.o(i.Turn_Red_Leds_on)
    i.eTaskConfirmSleepModeStatus            0x00000a18   Section        0  tasks.o(i.eTaskConfirmSleepModeStatus)
    i.main                                   0x00000a54   Section        0  main.o(i.main)
    i.prvAddCurrentTaskToDelayedList         0x00000ac4   Section        0  tasks.o(i.prvAddCurrentTaskToDelayedList)
    prvAddCurrentTaskToDelayedList           0x00000ac5   Thumb Code   134  tasks.o(i.prvAddCurrentTaskToDelayedList)
    i.prvAddNewTaskToReadyList               0x00000b68   Section        0  tasks.o(i.prvAddNewTaskToReadyList)
    prvAddNewTaskToReadyList                 0x00000b69   Thumb Code   156  tasks.o(i.prvAddNewTaskToReadyList)
    i.prvCheckForValidListAndQueue           0x00000c20   Section        0  timers.o(i.prvCheckForValidListAndQueue)
    prvCheckForValidListAndQueue             0x00000c21   Thumb Code    56  timers.o(i.prvCheckForValidListAndQueue)
    i.prvCheckTasksWaitingTermination        0x00000c6c   Section        0  tasks.o(i.prvCheckTasksWaitingTermination)
    prvCheckTasksWaitingTermination          0x00000c6d   Thumb Code    60  tasks.o(i.prvCheckTasksWaitingTermination)
    i.prvCopyDataFromQueue                   0x00000cb4   Section        0  queue.o(i.prvCopyDataFromQueue)
    prvCopyDataFromQueue                     0x00000cb5   Thumb Code    42  queue.o(i.prvCopyDataFromQueue)
    i.prvCopyDataToQueue                     0x00000cde   Section        0  queue.o(i.prvCopyDataToQueue)
    prvCopyDataToQueue                       0x00000cdf   Thumb Code   126  queue.o(i.prvCopyDataToQueue)
    i.prvDeleteTCB                           0x00000d5c   Section        0  tasks.o(i.prvDeleteTCB)
    prvDeleteTCB                             0x00000d5d   Thumb Code    18  tasks.o(i.prvDeleteTCB)
    i.prvGetExpectedIdleTime                 0x00000d70   Section        0  tasks.o(i.prvGetExpectedIdleTime)
    prvGetExpectedIdleTime                   0x00000d71   Thumb Code    56  tasks.o(i.prvGetExpectedIdleTime)
    i.prvGetNextExpireTime                   0x00000dbc   Section        0  timers.o(i.prvGetNextExpireTime)
    prvGetNextExpireTime                     0x00000dbd   Thumb Code    36  timers.o(i.prvGetNextExpireTime)
    i.prvIdleTask                            0x00000de4   Section        0  tasks.o(i.prvIdleTask)
    prvIdleTask                              0x00000de5   Thumb Code   112  tasks.o(i.prvIdleTask)
    i.prvInitialiseNewQueue                  0x00000e64   Section        0  queue.o(i.prvInitialiseNewQueue)
    prvInitialiseNewQueue                    0x00000e65   Thumb Code    46  queue.o(i.prvInitialiseNewQueue)
    i.prvInitialiseNewTask                   0x00000e92   Section        0  tasks.o(i.prvInitialiseNewTask)
    prvInitialiseNewTask                     0x00000e93   Thumb Code   194  tasks.o(i.prvInitialiseNewTask)
    i.prvInitialiseTaskLists                 0x00000f54   Section        0  tasks.o(i.prvInitialiseTaskLists)
    prvInitialiseTaskLists                   0x00000f55   Thumb Code    70  tasks.o(i.prvInitialiseTaskLists)
    i.prvInsertTimerInActiveList             0x00000fbc   Section        0  timers.o(i.prvInsertTimerInActiveList)
    prvInsertTimerInActiveList               0x00000fbd   Thumb Code    80  timers.o(i.prvInsertTimerInActiveList)
    i.prvIsQueueEmpty                        0x00001014   Section        0  queue.o(i.prvIsQueueEmpty)
    prvIsQueueEmpty                          0x00001015   Thumb Code    26  queue.o(i.prvIsQueueEmpty)
    i.prvIsQueueFull                         0x0000102e   Section        0  queue.o(i.prvIsQueueFull)
    prvIsQueueFull                           0x0000102f   Thumb Code    30  queue.o(i.prvIsQueueFull)
    i.prvNotifyQueueSetContainer             0x0000104c   Section        0  queue.o(i.prvNotifyQueueSetContainer)
    prvNotifyQueueSetContainer               0x0000104d   Thumb Code   144  queue.o(i.prvNotifyQueueSetContainer)
    i.prvProcessExpiredTimer                 0x000010dc   Section        0  timers.o(i.prvProcessExpiredTimer)
    prvProcessExpiredTimer                   0x000010dd   Thumb Code   110  timers.o(i.prvProcessExpiredTimer)
    i.prvProcessReceivedCommands             0x00001150   Section        0  timers.o(i.prvProcessReceivedCommands)
    prvProcessReceivedCommands               0x00001151   Thumb Code   350  timers.o(i.prvProcessReceivedCommands)
    i.prvProcessTimerOrBlockTask             0x000012b4   Section        0  timers.o(i.prvProcessTimerOrBlockTask)
    prvProcessTimerOrBlockTask               0x000012b5   Thumb Code   102  timers.o(i.prvProcessTimerOrBlockTask)
    i.prvResetNextTaskUnblockTime            0x00001328   Section        0  tasks.o(i.prvResetNextTaskUnblockTime)
    prvResetNextTaskUnblockTime              0x00001329   Thumb Code    42  tasks.o(i.prvResetNextTaskUnblockTime)
    i.prvSampleTimeNow                       0x0000135c   Section        0  timers.o(i.prvSampleTimeNow)
    prvSampleTimeNow                         0x0000135d   Thumb Code    40  timers.o(i.prvSampleTimeNow)
    i.prvSwitchTimerLists                    0x00001388   Section        0  timers.o(i.prvSwitchTimerLists)
    prvSwitchTimerLists                      0x00001389   Thumb Code   154  timers.o(i.prvSwitchTimerLists)
    i.prvTaskExitError                       0x0000142c   Section        0  port.o(i.prvTaskExitError)
    prvTaskExitError                         0x0000142d   Thumb Code    60  port.o(i.prvTaskExitError)
    i.prvTaskIsTaskSuspended                 0x0000146c   Section        0  tasks.o(i.prvTaskIsTaskSuspended)
    prvTaskIsTaskSuspended                   0x0000146d   Thumb Code    80  tasks.o(i.prvTaskIsTaskSuspended)
    i.prvTimerTask                           0x000014c4   Section        0  timers.o(i.prvTimerTask)
    prvTimerTask                             0x000014c5   Thumb Code    26  timers.o(i.prvTimerTask)
    i.prvUnlockQueue                         0x000014de   Section        0  queue.o(i.prvUnlockQueue)
    prvUnlockQueue                           0x000014df   Thumb Code   146  queue.o(i.prvUnlockQueue)
    i.pvPortMalloc                           0x00001570   Section        0  heap_1.o(i.pvPortMalloc)
    i.pxPortInitialiseStack                  0x000015e0   Section        0  port.o(i.pxPortInitialiseStack)
    i.uxListRemove                           0x0000160c   Section        0  list.o(i.uxListRemove)
    i.vApplicationIdleHook                   0x00001634   Section        0  main.o(i.vApplicationIdleHook)
    i.vListInitialise                        0x000016b4   Section        0  list.o(i.vListInitialise)
    i.vListInitialiseItem                    0x000016ce   Section        0  list.o(i.vListInitialiseItem)
    i.vListInsert                            0x000016d4   Section        0  list.o(i.vListInsert)
    i.vListInsertEnd                         0x00001708   Section        0  list.o(i.vListInsertEnd)
    i.vPortEnterCritical                     0x00001720   Section        0  port.o(i.vPortEnterCritical)
    i.vPortExitCritical                      0x00001774   Section        0  port.o(i.vPortExitCritical)
    i.vPortFree                              0x000017b0   Section        0  heap_1.o(i.vPortFree)
    i.vPortSetupTimerInterrupt               0x000017d4   Section        0  port.o(i.vPortSetupTimerInterrupt)
    i.vPortSuppressTicksAndSleep             0x0000183c   Section        0  port.o(i.vPortSuppressTicksAndSleep)
    i.vPortValidateInterruptPriority         0x00001988   Section        0  port.o(i.vPortValidateInterruptPriority)
    i.vQueueWaitForMessageRestricted         0x00001a00   Section        0  queue.o(i.vQueueWaitForMessageRestricted)
    i.vTaskDelay                             0x00001a4c   Section        0  tasks.o(i.vTaskDelay)
    i.vTaskInternalSetTimeOutState           0x00001aa8   Section        0  tasks.o(i.vTaskInternalSetTimeOutState)
    i.vTaskMissedYield                       0x00001ac0   Section        0  tasks.o(i.vTaskMissedYield)
    i.vTaskPlaceOnEventList                  0x00001acc   Section        0  tasks.o(i.vTaskPlaceOnEventList)
    i.vTaskPlaceOnEventListRestricted        0x00001b04   Section        0  tasks.o(i.vTaskPlaceOnEventListRestricted)
    i.vTaskResume                            0x00001b44   Section        0  tasks.o(i.vTaskResume)
    i.vTaskStartScheduler                    0x00001bd4   Section        0  tasks.o(i.vTaskStartScheduler)
    i.vTaskStepTick                          0x00001c68   Section        0  tasks.o(i.vTaskStepTick)
    i.vTaskSuspend                           0x00001ca8   Section        0  tasks.o(i.vTaskSuspend)
    i.vTaskSuspendAll                        0x00001d9c   Section        0  tasks.o(i.vTaskSuspendAll)
    i.vTaskSwitchContext                     0x00001dac   Section        0  tasks.o(i.vTaskSwitchContext)
    i.xPortStartScheduler                    0x00001e38   Section        0  port.o(i.xPortStartScheduler)
    i.xQueueGenericCreate                    0x00001fa0   Section        0  queue.o(i.xQueueGenericCreate)
    i.xQueueGenericReset                     0x00001ffc   Section        0  queue.o(i.xQueueGenericReset)
    i.xQueueGenericSend                      0x00002094   Section        0  queue.o(i.xQueueGenericSend)
    i.xQueueGenericSendFromISR               0x0000226c   Section        0  queue.o(i.xQueueGenericSendFromISR)
    i.xQueueReceive                          0x00002374   Section        0  queue.o(i.xQueueReceive)
    i.xTaskCheckForTimeOut                   0x000024dc   Section        0  tasks.o(i.xTaskCheckForTimeOut)
    i.xTaskCreate                            0x00002584   Section        0  tasks.o(i.xTaskCreate)
    i.xTaskGetSchedulerState                 0x000025e4   Section        0  tasks.o(i.xTaskGetSchedulerState)
    i.xTaskGetTickCount                      0x00002604   Section        0  tasks.o(i.xTaskGetTickCount)
    i.xTaskIncrementTick                     0x00002610   Section        0  tasks.o(i.xTaskIncrementTick)
    i.xTaskPriorityDisinherit                0x00002758   Section        0  tasks.o(i.xTaskPriorityDisinherit)
    i.xTaskRemoveFromEventList               0x00002820   Section        0  tasks.o(i.xTaskRemoveFromEventList)
    i.xTaskResumeAll                         0x000028bc   Section        0  tasks.o(i.xTaskResumeAll)
    i.xTimerCreateTimerTask                  0x000029c0   Section        0  timers.o(i.xTimerCreateTimerTask)
    i.xTimerGenericCommand                   0x00002a14   Section        0  timers.o(i.xTimerGenericCommand)
    x$fpl$fpinit                             0x00002a98   Section       10  fpinit.o(x$fpl$fpinit)
    $v0                                      0x00002a98   Number         0  fpinit.o(x$fpl$fpinit)
    .data                                    0x20000000   Section       40  main.o(.data)
    .data                                    0x20000028   Section        4  system_tm4c123.o(.data)
    .data                                    0x2000002c   Section        8  heap_1.o(.data)
    xNextFreeByte                            0x2000002c   Data           4  heap_1.o(.data)
    pucAlignedHeap                           0x20000030   Data           4  heap_1.o(.data)
    .data                                    0x20000034   Section       24  port.o(.data)
    uxCriticalNesting                        0x20000034   Data           4  port.o(.data)
    ulTimerCountsForOneTick                  0x20000038   Data           4  port.o(.data)
    xMaximumPossibleSuppressedTicks          0x2000003c   Data           4  port.o(.data)
    ulStoppedTimerCompensation               0x20000040   Data           4  port.o(.data)
    ucMaxSysCallPriority                     0x20000044   Data           1  port.o(.data)
    ulMaxPRIGROUPValue                       0x20000048   Data           4  port.o(.data)
    .data                                    0x2000004c   Section       60  tasks.o(.data)
    pxDelayedTaskList                        0x20000050   Data           4  tasks.o(.data)
    pxOverflowDelayedTaskList                0x20000054   Data           4  tasks.o(.data)
    uxDeletedTasksWaitingCleanUp             0x20000058   Data           4  tasks.o(.data)
    uxCurrentNumberOfTasks                   0x2000005c   Data           4  tasks.o(.data)
    xTickCount                               0x20000060   Data           4  tasks.o(.data)
    uxTopReadyPriority                       0x20000064   Data           4  tasks.o(.data)
    xSchedulerRunning                        0x20000068   Data           4  tasks.o(.data)
    uxPendedTicks                            0x2000006c   Data           4  tasks.o(.data)
    xYieldPending                            0x20000070   Data           4  tasks.o(.data)
    xNumOfOverflows                          0x20000074   Data           4  tasks.o(.data)
    uxTaskNumber                             0x20000078   Data           4  tasks.o(.data)
    xNextTaskUnblockTime                     0x2000007c   Data           4  tasks.o(.data)
    xIdleTaskHandle                          0x20000080   Data           4  tasks.o(.data)
    uxSchedulerSuspended                     0x20000084   Data           4  tasks.o(.data)
    .data                                    0x20000088   Section       20  timers.o(.data)
    pxCurrentTimerList                       0x20000088   Data           4  timers.o(.data)
    pxOverflowTimerList                      0x2000008c   Data           4  timers.o(.data)
    xTimerQueue                              0x20000090   Data           4  timers.o(.data)
    xTimerTaskHandle                         0x20000094   Data           4  timers.o(.data)
    xLastTime                                0x20000098   Data           4  timers.o(.data)
    .bss                                     0x2000009c   Section     4096  heap_1.o(.bss)
    ucHeap                                   0x2000009c   Data        4096  heap_1.o(.bss)
    .bss                                     0x2000109c   Section      200  tasks.o(.bss)
    pxReadyTasksLists                        0x2000109c   Data         100  tasks.o(.bss)
    xDelayedTaskList1                        0x20001100   Data          20  tasks.o(.bss)
    xDelayedTaskList2                        0x20001114   Data          20  tasks.o(.bss)
    xPendingReadyList                        0x20001128   Data          20  tasks.o(.bss)
    xTasksWaitingTermination                 0x2000113c   Data          20  tasks.o(.bss)
    xSuspendedTaskList                       0x20001150   Data          20  tasks.o(.bss)
    .bss                                     0x20001164   Section       40  timers.o(.bss)
    xActiveTimerList1                        0x20001164   Data          20  timers.o(.bss)
    xActiveTimerList2                        0x20001178   Data          20  timers.o(.bss)
    .bss                                     0x2000118c   Section       96  libspace.o(.bss)
    HEAP                                     0x200011f0   Section        0  startup_tm4c123.o(HEAP)
    STACK                                    0x200011f0   Section      512  startup_tm4c123.o(STACK)
    Heap_Mem                                 0x200011f0   Data           0  startup_tm4c123.o(HEAP)
    Stack_Mem                                0x200011f0   Data         512  startup_tm4c123.o(STACK)
    __initial_sp                             0x200013f0   Data           0  startup_tm4c123.o(STACK)

    Global Symbols

    Symbol Name                              Value     Ov Type        Size  Object(Section)

    BuildAttributes$$THM_ISAv4$E$P$D$K$B$S$7EM$VFPi3$EXTD16$VFPS$VFMA$PE$A:L22UL41UL21$X:L11$S22US41US21$IEEE1$IW$USESV6$~STKCKD$USESV7$~SHL$OSPACE$ROPI$EBA8$UX$STANDARDLIB$REQ8$PRES8$EABIv2 0x00000000   Number         0  anon$$obj.o ABSOLUTE
    __ARM_use_no_argv                        0x00000000   Number         0  main.o ABSOLUTE
    __Vectors                                0x00000000   Data           4  startup_tm4c123.o(RESET)
    __ARM_exceptions_init                     - Undefined Weak Reference
    __alloca_initialize                       - Undefined Weak Reference
    __arm_preinit_                            - Undefined Weak Reference
    __cpp_initialize__aeabi_                  - Undefined Weak Reference
    __cxa_finalize                            - Undefined Weak Reference
    __rt_locale                               - Undefined Weak Reference
    __sigvec_lookup                           - Undefined Weak Reference
    _atexit_init                              - Undefined Weak Reference
    _call_atexit_fns                          - Undefined Weak Reference
    _clock_init                               - Undefined Weak Reference
    _fp_trap_init                             - Undefined Weak Reference
    _fp_trap_shutdown                         - Undefined Weak Reference
    _get_lc_collate                           - Undefined Weak Reference
    _get_lc_ctype                             - Undefined Weak Reference
    _get_lc_monetary                          - Undefined Weak Reference
    _get_lc_numeric                           - Undefined Weak Reference
    _get_lc_time                              - Undefined Weak Reference
    _getenv_init                              - Undefined Weak Reference
    _handle_redirection                       - Undefined Weak Reference
    _init_alloc                               - Undefined Weak Reference
    _init_user_alloc                          - Undefined Weak Reference
    _initio                                   - Undefined Weak Reference
    _rand_init                                - Undefined Weak Reference
    _signal_finish                            - Undefined Weak Reference
    _signal_init                              - Undefined Weak Reference
    _terminate_alloc                          - Undefined Weak Reference
    _terminate_user_alloc                     - Undefined Weak Reference
    _terminateio                              - Undefined Weak Reference
    __Vectors_End                            0x0000026c   Data           0  startup_tm4c123.o(RESET)
    __Vectors_Size                           0x0000026c   Number         0  startup_tm4c123.o ABSOLUTE
    __main                                   0x0000026d   Thumb Code     8  __main.o(!!!main)
    __scatterload                            0x00000275   Thumb Code     0  __scatter.o(!!!scatter)
    __scatterload_rt2                        0x00000275   Thumb Code    44  __scatter.o(!!!scatter)
    __scatterload_rt2_thumb_only             0x00000275   Thumb Code     0  __scatter.o(!!!scatter)
    __scatterload_null                       0x00000283   Thumb Code     0  __scatter.o(!!!scatter)
    __scatterload_copy                       0x000002a9   Thumb Code    26  __scatter_copy.o(!!handler_copy)
    __scatterload_zeroinit                   0x000002c5   Thumb Code    28  __scatter_zi.o(!!handler_zi)
    __rt_lib_init                            0x000002e1   Thumb Code     0  libinit.o(.ARM.Collect$$libinit$$00000000)
    __rt_lib_init_fp_1                       0x000002e3   Thumb Code     0  libinit2.o(.ARM.Collect$$libinit$$00000001)
    __rt_lib_init_alloca_1                   0x000002e7   Thumb Code     0  libinit2.o(.ARM.Collect$$libinit$$0000002E)
    __rt_lib_init_argv_1                     0x000002e7   Thumb Code     0  libinit2.o(.ARM.Collect$$libinit$$0000002C)
    __rt_lib_init_atexit_1                   0x000002e7   Thumb Code     0  libinit2.o(.ARM.Collect$$libinit$$0000001B)
    __rt_lib_init_clock_1                    0x000002e7   Thumb Code     0  libinit2.o(.ARM.Collect$$libinit$$00000021)
    __rt_lib_init_cpp_1                      0x000002e7   Thumb Code     0  libinit2.o(.ARM.Collect$$libinit$$00000032)
    __rt_lib_init_exceptions_1               0x000002e7   Thumb Code     0  libinit2.o(.ARM.Collect$$libinit$$00000030)
    __rt_lib_init_fp_trap_1                  0x000002e7   Thumb Code     0  libinit2.o(.ARM.Collect$$libinit$$0000001F)
    __rt_lib_init_getenv_1                   0x000002e7   Thumb Code     0  libinit2.o(.ARM.Collect$$libinit$$00000023)
    __rt_lib_init_heap_1                     0x000002e7   Thumb Code     0  libinit2.o(.ARM.Collect$$libinit$$0000000A)
    __rt_lib_init_lc_collate_1               0x000002e7   Thumb Code     0  libinit2.o(.ARM.Collect$$libinit$$00000011)
    __rt_lib_init_lc_ctype_1                 0x000002e7   Thumb Code     0  libinit2.o(.ARM.Collect$$libinit$$00000013)
    __rt_lib_init_lc_monetary_1              0x000002e7   Thumb Code     0  libinit2.o(.ARM.Collect$$libinit$$00000015)
    __rt_lib_init_lc_numeric_1               0x000002e7   Thumb Code     0  libinit2.o(.ARM.Collect$$libinit$$00000017)
    __rt_lib_init_lc_time_1                  0x000002e7   Thumb Code     0  libinit2.o(.ARM.Collect$$libinit$$00000019)
    __rt_lib_init_preinit_1                  0x000002e7   Thumb Code     0  libinit2.o(.ARM.Collect$$libinit$$00000004)
    __rt_lib_init_rand_1                     0x000002e7   Thumb Code     0  libinit2.o(.ARM.Collect$$libinit$$0000000E)
    __rt_lib_init_return                     0x000002e7   Thumb Code     0  libinit2.o(.ARM.Collect$$libinit$$00000033)
    __rt_lib_init_signal_1                   0x000002e7   Thumb Code     0  libinit2.o(.ARM.Collect$$libinit$$0000001D)
    __rt_lib_init_stdio_1                    0x000002e7   Thumb Code     0  libinit2.o(.ARM.Collect$$libinit$$00000025)
    __rt_lib_init_user_alloc_1               0x000002e7   Thumb Code     0  libinit2.o(.ARM.Collect$$libinit$$0000000C)
    __rt_lib_shutdown                        0x000002e9   Thumb Code     0  libshutdown.o(.ARM.Collect$$libshutdown$$00000000)
    __rt_lib_shutdown_cpp_1                  0x000002eb   Thumb Code     0  libshutdown2.o(.ARM.Collect$$libshutdown$$00000002)
    __rt_lib_shutdown_fp_trap_1              0x000002eb   Thumb Code     0  libshutdown2.o(.ARM.Collect$$libshutdown$$00000007)
    __rt_lib_shutdown_heap_1                 0x000002eb   Thumb Code     0  libshutdown2.o(.ARM.Collect$$libshutdown$$0000000F)
    __rt_lib_shutdown_return                 0x000002eb   Thumb Code     0  libshutdown2.o(.ARM.Collect$$libshutdown$$00000010)
    __rt_lib_shutdown_signal_1               0x000002eb   Thumb Code     0  libshutdown2.o(.ARM.Collect$$libshutdown$$0000000A)
    __rt_lib_shutdown_stdio_1                0x000002eb   Thumb Code     0  libshutdown2.o(.ARM.Collect$$libshutdown$$00000004)
    __rt_lib_shutdown_user_alloc_1           0x000002eb   Thumb Code     0  libshutdown2.o(.ARM.Collect$$libshutdown$$0000000C)
    __rt_entry                               0x000002ed   Thumb Code     0  __rtentry.o(.ARM.Collect$$rtentry$$00000000)
    __rt_entry_presh_1                       0x000002ed   Thumb Code     0  __rtentry2.o(.ARM.Collect$$rtentry$$00000002)
    __rt_entry_sh                            0x000002ed   Thumb Code     0  __rtentry4.o(.ARM.Collect$$rtentry$$00000004)
    __rt_entry_li                            0x000002f3   Thumb Code     0  __rtentry2.o(.ARM.Collect$$rtentry$$0000000A)
    __rt_entry_postsh_1                      0x000002f3   Thumb Code     0  __rtentry2.o(.ARM.Collect$$rtentry$$00000009)
    __rt_entry_main                          0x000002f7   Thumb Code     0  __rtentry2.o(.ARM.Collect$$rtentry$$0000000D)
    __rt_entry_postli_1                      0x000002f7   Thumb Code     0  __rtentry2.o(.ARM.Collect$$rtentry$$0000000C)
    __rt_exit                                0x000002ff   Thumb Code     0  rtexit.o(.ARM.Collect$$rtexit$$00000000)
    __rt_exit_ls                             0x00000301   Thumb Code     0  rtexit2.o(.ARM.Collect$$rtexit$$00000003)
    __rt_exit_prels_1                        0x00000301   Thumb Code     0  rtexit2.o(.ARM.Collect$$rtexit$$00000002)
    __rt_exit_exit                           0x00000305   Thumb Code     0  rtexit2.o(.ARM.Collect$$rtexit$$00000004)
    SVC_Handler                              0x0000030d   Thumb Code    28  port.o(.emb_text)
    __asm___6_port_c_39a90d8d__prvStartFirstTask 0x0000032d   Thumb Code    36  port.o(.emb_text)
    __asm___6_port_c_39a90d8d__prvEnableVFP  0x00000355   Thumb Code    16  port.o(.emb_text)
    PendSV_Handler                           0x00000369   Thumb Code    88  port.o(.emb_text)
    vPortGetIPSR                             0x000003c5   Thumb Code     6  port.o(.emb_text)
    Reset_Handler                            0x000003cd   Thumb Code     8  startup_tm4c123.o(.text)
    NMI_Handler                              0x000003d5   Thumb Code     2  startup_tm4c123.o(.text)
    HardFault_Handler                        0x000003d7   Thumb Code     2  startup_tm4c123.o(.text)
    MemManage_Handler                        0x000003d9   Thumb Code     2  startup_tm4c123.o(.text)
    BusFault_Handler                         0x000003db   Thumb Code     2  startup_tm4c123.o(.text)
    UsageFault_Handler                       0x000003dd   Thumb Code     2  startup_tm4c123.o(.text)
    DebugMon_Handler                         0x000003e1   Thumb Code     2  startup_tm4c123.o(.text)
    GPIOA_Handler                            0x000003e7   Thumb Code     2  startup_tm4c123.o(.text)
    GPIOB_Handler                            0x000003e9   Thumb Code     2  startup_tm4c123.o(.text)
    GPIOC_Handler                            0x000003eb   Thumb Code     2  startup_tm4c123.o(.text)
    GPIOD_Handler                            0x000003ed   Thumb Code     2  startup_tm4c123.o(.text)
    GPIOE_Handler                            0x000003ef   Thumb Code     2  startup_tm4c123.o(.text)
    UART0_Handler                            0x000003f1   Thumb Code     2  startup_tm4c123.o(.text)
    UART1_Handler                            0x000003f3   Thumb Code     2  startup_tm4c123.o(.text)
    SSI0_Handler                             0x000003f5   Thumb Code     2  startup_tm4c123.o(.text)
    I2C0_Handler                             0x000003f7   Thumb Code     2  startup_tm4c123.o(.text)
    PMW0_FAULT_Handler                       0x000003f9   Thumb Code     2  startup_tm4c123.o(.text)
    PWM0_0_Handler                           0x000003fb   Thumb Code     2  startup_tm4c123.o(.text)
    PWM0_1_Handler                           0x000003fd   Thumb Code     2  startup_tm4c123.o(.text)
    PWM0_2_Handler                           0x000003ff   Thumb Code     2  startup_tm4c123.o(.text)
    QEI0_Handler                             0x00000401   Thumb Code     2  startup_tm4c123.o(.text)
    ADC0SS0_Handler                          0x00000403   Thumb Code     2  startup_tm4c123.o(.text)
    ADC0SS1_Handler                          0x00000405   Thumb Code     2  startup_tm4c123.o(.text)
    ADC0SS2_Handler                          0x00000407   Thumb Code     2  startup_tm4c123.o(.text)
    ADC0SS3_Handler                          0x00000409   Thumb Code     2  startup_tm4c123.o(.text)
    WDT0_Handler                             0x0000040b   Thumb Code     2  startup_tm4c123.o(.text)
    TIMER0A_Handler                          0x0000040d   Thumb Code     2  startup_tm4c123.o(.text)
    TIMER0B_Handler                          0x0000040f   Thumb Code     2  startup_tm4c123.o(.text)
    TIMER1A_Handler                          0x00000411   Thumb Code     2  startup_tm4c123.o(.text)
    TIMER1B_Handler                          0x00000413   Thumb Code     2  startup_tm4c123.o(.text)
    TIMER2A_Handler                          0x00000415   Thumb Code     2  startup_tm4c123.o(.text)
    TIMER2B_Handler                          0x00000417   Thumb Code     2  startup_tm4c123.o(.text)
    COMP0_Handler                            0x00000419   Thumb Code     2  startup_tm4c123.o(.text)
    COMP1_Handler                            0x0000041b   Thumb Code     2  startup_tm4c123.o(.text)
    COMP2_Handler                            0x0000041d   Thumb Code     2  startup_tm4c123.o(.text)
    SYSCTL_Handler                           0x0000041f   Thumb Code     2  startup_tm4c123.o(.text)
    FLASH_Handler                            0x00000421   Thumb Code     2  startup_tm4c123.o(.text)
    GPIOF_Handler                            0x00000423   Thumb Code     2  startup_tm4c123.o(.text)
    GPIOG_Handler                            0x00000425   Thumb Code     2  startup_tm4c123.o(.text)
    GPIOH_Handler                            0x00000427   Thumb Code     2  startup_tm4c123.o(.text)
    UART2_Handler                            0x00000429   Thumb Code     2  startup_tm4c123.o(.text)
    SSI1_Handler                             0x0000042b   Thumb Code     2  startup_tm4c123.o(.text)
    TIMER3A_Handler                          0x0000042d   Thumb Code     2  startup_tm4c123.o(.text)
    TIMER3B_Handler                          0x0000042f   Thumb Code     2  startup_tm4c123.o(.text)
    I2C1_Handler                             0x00000431   Thumb Code     2  startup_tm4c123.o(.text)
    QEI1_Handler                             0x00000433   Thumb Code     2  startup_tm4c123.o(.text)
    CAN0_Handler                             0x00000435   Thumb Code     2  startup_tm4c123.o(.text)
    CAN1_Handler                             0x00000437   Thumb Code     2  startup_tm4c123.o(.text)
    CAN2_Handler                             0x00000439   Thumb Code     2  startup_tm4c123.o(.text)
    HIB_Handler                              0x0000043b   Thumb Code     2  startup_tm4c123.o(.text)
    USB0_Handler                             0x0000043d   Thumb Code     2  startup_tm4c123.o(.text)
    PWM0_3_Handler                           0x0000043f   Thumb Code     2  startup_tm4c123.o(.text)
    UDMA_Handler                             0x00000441   Thumb Code     2  startup_tm4c123.o(.text)
    UDMAERR_Handler                          0x00000443   Thumb Code     2  startup_tm4c123.o(.text)
    ADC1SS0_Handler                          0x00000445   Thumb Code     2  startup_tm4c123.o(.text)
    ADC1SS1_Handler                          0x00000447   Thumb Code     2  startup_tm4c123.o(.text)
    ADC1SS2_Handler                          0x00000449   Thumb Code     2  startup_tm4c123.o(.text)
    ADC1SS3_Handler                          0x0000044b   Thumb Code     2  startup_tm4c123.o(.text)
    GPIOJ_Handler                            0x0000044d   Thumb Code     2  startup_tm4c123.o(.text)
    GPIOK_Handler                            0x0000044f   Thumb Code     2  startup_tm4c123.o(.text)
    GPIOL_Handler                            0x00000451   Thumb Code     2  startup_tm4c123.o(.text)
    SSI2_Handler                             0x00000453   Thumb Code     2  startup_tm4c123.o(.text)
    SSI3_Handler                             0x00000455   Thumb Code     2  startup_tm4c123.o(.text)
    UART3_Handler                            0x00000457   Thumb Code     2  startup_tm4c123.o(.text)
    UART4_Handler                            0x00000459   Thumb Code     2  startup_tm4c123.o(.text)
    UART5_Handler                            0x0000045b   Thumb Code     2  startup_tm4c123.o(.text)
    UART6_Handler                            0x0000045d   Thumb Code     2  startup_tm4c123.o(.text)
    UART7_Handler                            0x0000045f   Thumb Code     2  startup_tm4c123.o(.text)
    I2C2_Handler                             0x00000461   Thumb Code     2  startup_tm4c123.o(.text)
    I2C3_Handler                             0x00000463   Thumb Code     2  startup_tm4c123.o(.text)
    TIMER4A_Handler                          0x00000465   Thumb Code     2  startup_tm4c123.o(.text)
    TIMER4B_Handler                          0x00000467   Thumb Code     2  startup_tm4c123.o(.text)
    TIMER5A_Handler                          0x00000469   Thumb Code     2  startup_tm4c123.o(.text)
    TIMER5B_Handler                          0x0000046b   Thumb Code     2  startup_tm4c123.o(.text)
    WTIMER0A_Handler                         0x0000046d   Thumb Code     2  startup_tm4c123.o(.text)
    WTIMER0B_Handler                         0x0000046f   Thumb Code     2  startup_tm4c123.o(.text)
    WTIMER1A_Handler                         0x00000471   Thumb Code     2  startup_tm4c123.o(.text)
    WTIMER1B_Handler                         0x00000473   Thumb Code     2  startup_tm4c123.o(.text)
    WTIMER2A_Handler                         0x00000475   Thumb Code     2  startup_tm4c123.o(.text)
    WTIMER2B_Handler                         0x00000477   Thumb Code     2  startup_tm4c123.o(.text)
    WTIMER3A_Handler                         0x00000479   Thumb Code     2  startup_tm4c123.o(.text)
    WTIMER3B_Handler                         0x0000047b   Thumb Code     2  startup_tm4c123.o(.text)
    WTIMER4A_Handler                         0x0000047d   Thumb Code     2  startup_tm4c123.o(.text)
    WTIMER4B_Handler                         0x0000047f   Thumb Code     2  startup_tm4c123.o(.text)
    WTIMER5A_Handler                         0x00000481   Thumb Code     2  startup_tm4c123.o(.text)
    WTIMER5B_Handler                         0x00000483   Thumb Code     2  startup_tm4c123.o(.text)
    FPU_Handler                              0x00000485   Thumb Code     2  startup_tm4c123.o(.text)
    I2C4_Handler                             0x00000487   Thumb Code     2  startup_tm4c123.o(.text)
    I2C5_Handler                             0x00000489   Thumb Code     2  startup_tm4c123.o(.text)
    GPIOM_Handler                            0x0000048b   Thumb Code     2  startup_tm4c123.o(.text)
    GPION_Handler                            0x0000048d   Thumb Code     2  startup_tm4c123.o(.text)
    QEI2_Handler                             0x0000048f   Thumb Code     2  startup_tm4c123.o(.text)
    GPIOP0_Handler                           0x00000491   Thumb Code     2  startup_tm4c123.o(.text)
    GPIOP1_Handler                           0x00000493   Thumb Code     2  startup_tm4c123.o(.text)
    GPIOP2_Handler                           0x00000495   Thumb Code     2  startup_tm4c123.o(.text)
    GPIOP3_Handler                           0x00000497   Thumb Code     2  startup_tm4c123.o(.text)
    GPIOP4_Handler                           0x00000499   Thumb Code     2  startup_tm4c123.o(.text)
    GPIOP5_Handler                           0x0000049b   Thumb Code     2  startup_tm4c123.o(.text)
    GPIOP6_Handler                           0x0000049d   Thumb Code     2  startup_tm4c123.o(.text)
    GPIOP7_Handler                           0x0000049f   Thumb Code     2  startup_tm4c123.o(.text)
    GPIOQ0_Handler                           0x000004a1   Thumb Code     2  startup_tm4c123.o(.text)
    GPIOQ1_Handler                           0x000004a3   Thumb Code     2  startup_tm4c123.o(.text)
    GPIOQ2_Handler                           0x000004a5   Thumb Code     2  startup_tm4c123.o(.text)
    GPIOQ3_Handler                           0x000004a7   Thumb Code     2  startup_tm4c123.o(.text)
    GPIOQ4_Handler                           0x000004a9   Thumb Code     2  startup_tm4c123.o(.text)
    GPIOQ5_Handler                           0x000004ab   Thumb Code     2  startup_tm4c123.o(.text)
    GPIOQ6_Handler                           0x000004ad   Thumb Code     2  startup_tm4c123.o(.text)
    GPIOQ7_Handler                           0x000004af   Thumb Code     2  startup_tm4c123.o(.text)
    GPIOR_Handler                            0x000004b1   Thumb Code     2  startup_tm4c123.o(.text)
    GPIOS_Handler                            0x000004b3   Thumb Code     2  startup_tm4c123.o(.text)
    PMW1_0_Handler                           0x000004b5   Thumb Code     2  startup_tm4c123.o(.text)
    PWM1_1_Handler                           0x000004b7   Thumb Code     2  startup_tm4c123.o(.text)
    PWM1_2_Handler                           0x000004b9   Thumb Code     2  startup_tm4c123.o(.text)
    PWM1_3_Handler                           0x000004bb   Thumb Code     2  startup_tm4c123.o(.text)
    PWM1_FAULT_Handler                       0x000004bd   Thumb Code     2  startup_tm4c123.o(.text)
    __user_initial_stackheap                 0x000004c1   Thumb Code     0  startup_tm4c123.o(.text)
    __aeabi_memcpy                           0x000004e1   Thumb Code     0  rt_memcpy_v6.o(.text)
    __rt_memcpy                              0x000004e1   Thumb Code   138  rt_memcpy_v6.o(.text)
    _memcpy_lastbytes                        0x00000547   Thumb Code     0  rt_memcpy_v6.o(.text)
    __aeabi_memset                           0x0000056b   Thumb Code    16  aeabi_memset.o(.text)
    __use_two_region_memory                  0x0000057b   Thumb Code     2  heapauxi.o(.text)
    __rt_heap_escrow$2region                 0x0000057d   Thumb Code     2  heapauxi.o(.text)
    __rt_heap_expand$2region                 0x0000057f   Thumb Code     2  heapauxi.o(.text)
    __aeabi_memcpy4                          0x00000581   Thumb Code     0  rt_memcpy_w.o(.text)
    __aeabi_memcpy8                          0x00000581   Thumb Code     0  rt_memcpy_w.o(.text)
    __rt_memcpy_w                            0x00000581   Thumb Code   100  rt_memcpy_w.o(.text)
    _memcpy_lastbytes_aligned                0x000005c9   Thumb Code     0  rt_memcpy_w.o(.text)
    __aeabi_memclr                           0x000005e5   Thumb Code     0  rt_memclr.o(.text)
    __rt_memclr                              0x000005e5   Thumb Code    68  rt_memclr.o(.text)
    _memset                                  0x000005e9   Thumb Code     0  rt_memclr.o(.text)
    __aeabi_memclr4                          0x00000629   Thumb Code     0  rt_memclr_w.o(.text)
    __aeabi_memclr8                          0x00000629   Thumb Code     0  rt_memclr_w.o(.text)
    __rt_memclr_w                            0x00000629   Thumb Code    78  rt_memclr_w.o(.text)
    _memset_w                                0x0000062d   Thumb Code     0  rt_memclr_w.o(.text)
    __user_setup_stackheap                   0x00000677   Thumb Code    74  sys_stackheap_outer.o(.text)
    exit                                     0x000006c1   Thumb Code    18  exit.o(.text)
    __user_libspace                          0x000006d5   Thumb Code     8  libspace.o(.text)
    __user_perproc_libspace                  0x000006d5   Thumb Code     0  libspace.o(.text)
    __user_perthread_libspace                0x000006d5   Thumb Code     0  libspace.o(.text)
    _sys_exit                                0x000006dd   Thumb Code     8  sys_exit.o(.text)
    __I$use$semihosting                      0x000006e9   Thumb Code     0  use_no_semi.o(.text)
    __use_no_semihosting_swi                 0x000006e9   Thumb Code     2  use_no_semi.o(.text)
    __semihosting_library_function           0x000006eb   Thumb Code     0  indicate_semi.o(.text)
    Blink_Red_Leds                           0x000006ed   Thumb Code    32  main.o(i.Blink_Red_Leds)
    Busy_Wait_1ms                            0x00000719   Thumb Code    22  main.o(i.Busy_Wait_1ms)
    Go_East_west                             0x00000791   Thumb Code    52  main.o(i.Go_East_west)
    Go_North_South                           0x000007d1   Thumb Code    52  main.o(i.Go_North_South)
    Go_pedestrian                            0x00000811   Thumb Code    44  main.o(i.Go_pedestrian)
    Ports_Init                               0x0000084d   Thumb Code    72  main.o(i.Ports_Init)
    SysTick_Handler                          0x000008ad   Thumb Code    46  port.o(i.SysTick_Handler)
    SystemInit                               0x000008e1   Thumb Code   112  system_tm4c123.o(i.SystemInit)
    Turn_Red_Leds_on                         0x000009e9   Thumb Code    36  main.o(i.Turn_Red_Leds_on)
    eTaskConfirmSleepModeStatus              0x00000a19   Thumb Code    42  tasks.o(i.eTaskConfirmSleepModeStatus)
    main                                     0x00000a55   Thumb Code    62  main.o(i.main)
    pvPortMalloc                             0x00001571   Thumb Code    98  heap_1.o(i.pvPortMalloc)
    pxPortInitialiseStack                    0x000015e1   Thumb Code    38  port.o(i.pxPortInitialiseStack)
    uxListRemove                             0x0000160d   Thumb Code    40  list.o(i.uxListRemove)
    vApplicationIdleHook                     0x00001635   Thumb Code    96  main.o(i.vApplicationIdleHook)
    vListInitialise                          0x000016b5   Thumb Code    26  list.o(i.vListInitialise)
    vListInitialiseItem                      0x000016cf   Thumb Code     6  list.o(i.vListInitialiseItem)
    vListInsert                              0x000016d5   Thumb Code    52  list.o(i.vListInsert)
    vListInsertEnd                           0x00001709   Thumb Code    24  list.o(i.vListInsertEnd)
    vPortEnterCritical                       0x00001721   Thumb Code    76  port.o(i.vPortEnterCritical)
    vPortExitCritical                        0x00001775   Thumb Code    56  port.o(i.vPortExitCritical)
    vPortFree                                0x000017b1   Thumb Code    34  heap_1.o(i.vPortFree)
    vPortSetupTimerInterrupt                 0x000017d5   Thumb Code    86  port.o(i.vPortSetupTimerInterrupt)
    vPortSuppressTicksAndSleep               0x0000183d   Thumb Code   320  port.o(i.vPortSuppressTicksAndSleep)
    vPortValidateInterruptPriority           0x00001989   Thumb Code   106  port.o(i.vPortValidateInterruptPriority)
    vQueueWaitForMessageRestricted           0x00001a01   Thumb Code    74  queue.o(i.vQueueWaitForMessageRestricted)
    vTaskDelay                               0x00001a4d   Thumb Code    82  tasks.o(i.vTaskDelay)
    vTaskInternalSetTimeOutState             0x00001aa9   Thumb Code    14  tasks.o(i.vTaskInternalSetTimeOutState)
    vTaskMissedYield                         0x00001ac1   Thumb Code     8  tasks.o(i.vTaskMissedYield)
    vTaskPlaceOnEventList                    0x00001acd   Thumb Code    52  tasks.o(i.vTaskPlaceOnEventList)
    vTaskPlaceOnEventListRestricted          0x00001b05   Thumb Code    60  tasks.o(i.vTaskPlaceOnEventListRestricted)
    vTaskResume                              0x00001b45   Thumb Code   128  tasks.o(i.vTaskResume)
    vTaskStartScheduler                      0x00001bd5   Thumb Code   118  tasks.o(i.vTaskStartScheduler)
    vTaskStepTick                            0x00001c69   Thumb Code    56  tasks.o(i.vTaskStepTick)
    vTaskSuspend                             0x00001ca9   Thumb Code   210  tasks.o(i.vTaskSuspend)
    vTaskSuspendAll                          0x00001d9d   Thumb Code    12  tasks.o(i.vTaskSuspendAll)
    vTaskSwitchContext                       0x00001dad   Thumb Code   118  tasks.o(i.vTaskSwitchContext)
    xPortStartScheduler                      0x00001e39   Thumb Code   330  port.o(i.xPortStartScheduler)
    xQueueGenericCreate                      0x00001fa1   Thumb Code    90  queue.o(i.xQueueGenericCreate)
    xQueueGenericReset                       0x00001ffd   Thumb Code   146  queue.o(i.xQueueGenericReset)
    xQueueGenericSend                        0x00002095   Thumb Code   468  queue.o(i.xQueueGenericSend)
    xQueueGenericSendFromISR                 0x0000226d   Thumb Code   264  queue.o(i.xQueueGenericSendFromISR)
    xQueueReceive                            0x00002375   Thumb Code   356  queue.o(i.xQueueReceive)
    xTaskCheckForTimeOut                     0x000024dd   Thumb Code   156  tasks.o(i.xTaskCheckForTimeOut)
    xTaskCreate                              0x00002585   Thumb Code    96  tasks.o(i.xTaskCreate)
    xTaskGetSchedulerState                   0x000025e5   Thumb Code    24  tasks.o(i.xTaskGetSchedulerState)
    xTaskGetTickCount                        0x00002605   Thumb Code     6  tasks.o(i.xTaskGetTickCount)
    xTaskIncrementTick                       0x00002611   Thumb Code   282  tasks.o(i.xTaskIncrementTick)
    xTaskPriorityDisinherit                  0x00002759   Thumb Code   188  tasks.o(i.xTaskPriorityDisinherit)
    xTaskRemoveFromEventList                 0x00002821   Thumb Code   132  tasks.o(i.xTaskRemoveFromEventList)
    xTaskResumeAll                           0x000028bd   Thumb Code   224  tasks.o(i.xTaskResumeAll)
    xTimerCreateTimerTask                    0x000029c1   Thumb Code    64  timers.o(i.xTimerCreateTimerTask)
    xTimerGenericCommand                     0x00002a15   Thumb Code   128  timers.o(i.xTimerGenericCommand)
    _fp_init                                 0x00002a99   Thumb Code    10  fpinit.o(x$fpl$fpinit)
    __fplib_config_fpu_vfp                   0x00002aa1   Thumb Code     0  fpinit.o(x$fpl$fpinit)
    __fplib_config_pureend_doubles           0x00002aa1   Thumb Code     0  fpinit.o(x$fpl$fpinit)
    Region$$Table$$Base                      0x00002aa4   Number         0  anon$$obj.o(Region$$Table)
    Region$$Table$$Limit                     0x00002ac4   Number         0  anon$$obj.o(Region$$Table)
    xTrain_Task_Handle                       0x20000000   Data           4  main.o(.data)
    tgn                                      0x20000004   Data           4  main.o(.data)
    tgw                                      0x20000008   Data           4  main.o(.data)
    tcross                                   0x2000000c   Data           4  main.o(.data)
    tsafety                                  0x20000010   Data           4  main.o(.data)
    fref                                     0x20000014   Data           4  main.o(.data)
    SW1                                      0x20000018   Data           4  main.o(.data)
    SW2                                      0x2000001c   Data           4  main.o(.data)
    Train_Direction                          0x20000020   Data           1  main.o(.data)
    Pedistrian_Request                       0x20000024   Data           4  main.o(.data)
    SystemCoreClock                          0x20000028   Data           4  system_tm4c123.o(.data)
    pxCurrentTCB                             0x2000004c   Data           4  tasks.o(.data)
    __libspace_start                         0x2000118c   Data          96  libspace.o(.bss)
    __temporary_stack_top$libspace           0x200011ec   Data           0  libspace.o(.bss)



==============================================================================

Memory Map of the image

  Image Entry point : 0x000003cd

  Load Region LR_1 (Base: 0x00000000, Size: 0x00002b60, Max: 0xffffffff, ABSOLUTE)

    Execution Region ER_RO (Exec base: 0x00000000, Load base: 0x00000000, Size: 0x00002ac4, Max: 0xffffffff, ABSOLUTE)

    Exec Addr    Load Addr    Size         Type   Attr      Idx    E Section Name        Object

    0x00000000   0x00000000   0x0000026c   Data   RO          127    RESET               startup_tm4c123.o
    0x0000026c   0x0000026c   0x00000008   Code   RO         1212  * !!!main             c_w.l(__main.o)
    0x00000274   0x00000274   0x00000034   Code   RO         1375    !!!scatter          c_w.l(__scatter.o)
    0x000002a8   0x000002a8   0x0000001a   Code   RO         1377    !!handler_copy      c_w.l(__scatter_copy.o)
    0x000002c2   0x000002c2   0x00000002   PAD
    0x000002c4   0x000002c4   0x0000001c   Code   RO         1379    !!handler_zi        c_w.l(__scatter_zi.o)
    0x000002e0   0x000002e0   0x00000002   Code   RO         1245    .ARM.Collect$$libinit$$00000000  c_w.l(libinit.o)
    0x000002e2   0x000002e2   0x00000004   Code   RO         1251    .ARM.Collect$$libinit$$00000001  c_w.l(libinit2.o)
    0x000002e6   0x000002e6   0x00000000   Code   RO         1254    .ARM.Collect$$libinit$$00000004  c_w.l(libinit2.o)
    0x000002e6   0x000002e6   0x00000000   Code   RO         1257    .ARM.Collect$$libinit$$0000000A  c_w.l(libinit2.o)
    0x000002e6   0x000002e6   0x00000000   Code   RO         1259    .ARM.Collect$$libinit$$0000000C  c_w.l(libinit2.o)
    0x000002e6   0x000002e6   0x00000000   Code   RO         1261    .ARM.Collect$$libinit$$0000000E  c_w.l(libinit2.o)
    0x000002e6   0x000002e6   0x00000000   Code   RO         1264    .ARM.Collect$$libinit$$00000011  c_w.l(libinit2.o)
    0x000002e6   0x000002e6   0x00000000   Code   RO         1266    .ARM.Collect$$libinit$$00000013  c_w.l(libinit2.o)
    0x000002e6   0x000002e6   0x00000000   Code   RO         1268    .ARM.Collect$$libinit$$00000015  c_w.l(libinit2.o)
    0x000002e6   0x000002e6   0x00000000   Code   RO         1270    .ARM.Collect$$libinit$$00000017  c_w.l(libinit2.o)
    0x000002e6   0x000002e6   0x00000000   Code   RO         1272    .ARM.Collect$$libinit$$00000019  c_w.l(libinit2.o)
    0x000002e6   0x000002e6   0x00000000   Code   RO         1274    .ARM.Collect$$libinit$$0000001B  c_w.l(libinit2.o)
    0x000002e6   0x000002e6   0x00000000   Code   RO         1276    .ARM.Collect$$libinit$$0000001D  c_w.l(libinit2.o)
    0x000002e6   0x000002e6   0x00000000   Code   RO         1278    .ARM.Collect$$libinit$$0000001F  c_w.l(libinit2.o)
    0x000002e6   0x000002e6   0x00000000   Code   RO         1280    .ARM.Collect$$libinit$$00000021  c_w.l(libinit2.o)
    0x000002e6   0x000002e6   0x00000000   Code   RO         1282    .ARM.Collect$$libinit$$00000023  c_w.l(libinit2.o)
    0x000002e6   0x000002e6   0x00000000   Code   RO         1284    .ARM.Collect$$libinit$$00000025  c_w.l(libinit2.o)
    0x000002e6   0x000002e6   0x00000000   Code   RO         1288    .ARM.Collect$$libinit$$0000002C  c_w.l(libinit2.o)
    0x000002e6   0x000002e6   0x00000000   Code   RO         1290    .ARM.Collect$$libinit$$0000002E  c_w.l(libinit2.o)
    0x000002e6   0x000002e6   0x00000000   Code   RO         1292    .ARM.Collect$$libinit$$00000030  c_w.l(libinit2.o)
    0x000002e6   0x000002e6   0x00000000   Code   RO         1294    .ARM.Collect$$libinit$$00000032  c_w.l(libinit2.o)
    0x000002e6   0x000002e6   0x00000002   Code   RO         1295    .ARM.Collect$$libinit$$00000033  c_w.l(libinit2.o)
    0x000002e8   0x000002e8   0x00000002   Code   RO         1315    .ARM.Collect$$libshutdown$$00000000  c_w.l(libshutdown.o)
    0x000002ea   0x000002ea   0x00000000   Code   RO         1328    .ARM.Collect$$libshutdown$$00000002  c_w.l(libshutdown2.o)
    0x000002ea   0x000002ea   0x00000000   Code   RO         1330    .ARM.Collect$$libshutdown$$00000004  c_w.l(libshutdown2.o)
    0x000002ea   0x000002ea   0x00000000   Code   RO         1333    .ARM.Collect$$libshutdown$$00000007  c_w.l(libshutdown2.o)
    0x000002ea   0x000002ea   0x00000000   Code   RO         1336    .ARM.Collect$$libshutdown$$0000000A  c_w.l(libshutdown2.o)
    0x000002ea   0x000002ea   0x00000000   Code   RO         1338    .ARM.Collect$$libshutdown$$0000000C  c_w.l(libshutdown2.o)
    0x000002ea   0x000002ea   0x00000000   Code   RO         1341    .ARM.Collect$$libshutdown$$0000000F  c_w.l(libshutdown2.o)
    0x000002ea   0x000002ea   0x00000002   Code   RO         1342    .ARM.Collect$$libshutdown$$00000010  c_w.l(libshutdown2.o)
    0x000002ec   0x000002ec   0x00000000   Code   RO         1214    .ARM.Collect$$rtentry$$00000000  c_w.l(__rtentry.o)
    0x000002ec   0x000002ec   0x00000000   Code   RO         1220    .ARM.Collect$$rtentry$$00000002  c_w.l(__rtentry2.o)
    0x000002ec   0x000002ec   0x00000006   Code   RO         1232    .ARM.Collect$$rtentry$$00000004  c_w.l(__rtentry4.o)
    0x000002f2   0x000002f2   0x00000000   Code   RO         1222    .ARM.Collect$$rtentry$$00000009  c_w.l(__rtentry2.o)
    0x000002f2   0x000002f2   0x00000004   Code   RO         1223    .ARM.Collect$$rtentry$$0000000A  c_w.l(__rtentry2.o)
    0x000002f6   0x000002f6   0x00000000   Code   RO         1225    .ARM.Collect$$rtentry$$0000000C  c_w.l(__rtentry2.o)
    0x000002f6   0x000002f6   0x00000008   Code   RO         1226    .ARM.Collect$$rtentry$$0000000D  c_w.l(__rtentry2.o)
    0x000002fe   0x000002fe   0x00000002   Code   RO         1249    .ARM.Collect$$rtexit$$00000000  c_w.l(rtexit.o)
    0x00000300   0x00000300   0x00000000   Code   RO         1297    .ARM.Collect$$rtexit$$00000002  c_w.l(rtexit2.o)
    0x00000300   0x00000300   0x00000004   Code   RO         1298    .ARM.Collect$$rtexit$$00000003  c_w.l(rtexit2.o)
    0x00000304   0x00000304   0x00000006   Code   RO         1299    .ARM.Collect$$rtexit$$00000004  c_w.l(rtexit2.o)
    0x0000030a   0x0000030a   0x00000002   PAD
    0x0000030c   0x0000030c   0x000000be   Code   RO          310    .emb_text           port.o
    0x000003ca   0x000003ca   0x00000002   PAD
    0x000003cc   0x000003cc   0x00000114   Code   RO          128  * .text               startup_tm4c123.o
    0x000004e0   0x000004e0   0x0000008a   Code   RO         1206    .text               c_w.l(rt_memcpy_v6.o)
    0x0000056a   0x0000056a   0x00000010   Code   RO         1208    .text               c_w.l(aeabi_memset.o)
    0x0000057a   0x0000057a   0x00000006   Code   RO         1210    .text               c_w.l(heapauxi.o)
    0x00000580   0x00000580   0x00000064   Code   RO         1215    .text               c_w.l(rt_memcpy_w.o)
    0x000005e4   0x000005e4   0x00000044   Code   RO         1217    .text               c_w.l(rt_memclr.o)
    0x00000628   0x00000628   0x0000004e   Code   RO         1234    .text               c_w.l(rt_memclr_w.o)
    0x00000676   0x00000676   0x0000004a   Code   RO         1236    .text               c_w.l(sys_stackheap_outer.o)
    0x000006c0   0x000006c0   0x00000012   Code   RO         1238    .text               c_w.l(exit.o)
    0x000006d2   0x000006d2   0x00000002   PAD
    0x000006d4   0x000006d4   0x00000008   Code   RO         1246    .text               c_w.l(libspace.o)
    0x000006dc   0x000006dc   0x0000000c   Code   RO         1307    .text               c_w.l(sys_exit.o)
    0x000006e8   0x000006e8   0x00000002   Code   RO         1318    .text               c_w.l(use_no_semi.o)
    0x000006ea   0x000006ea   0x00000000   Code   RO         1320    .text               c_w.l(indicate_semi.o)
    0x000006ea   0x000006ea   0x00000002   PAD
    0x000006ec   0x000006ec   0x0000002c   Code   RO            1    i.Blink_Red_Leds    main.o
    0x00000718   0x00000718   0x00000016   Code   RO            2    i.Busy_Wait_1ms     main.o
    0x0000072e   0x0000072e   0x00000002   PAD
    0x00000730   0x00000730   0x00000060   Code   RO            3    i.Car_Pedestrian_Task  main.o
    0x00000790   0x00000790   0x00000040   Code   RO            4    i.Go_East_west      main.o
    0x000007d0   0x000007d0   0x00000040   Code   RO            5    i.Go_North_South    main.o
    0x00000810   0x00000810   0x0000003c   Code   RO            6    i.Go_pedestrian     main.o
    0x0000084c   0x0000084c   0x00000060   Code   RO            7    i.Ports_Init        main.o
    0x000008ac   0x000008ac   0x00000034   Code   RO          311    i.SysTick_Handler   port.o
    0x000008e0   0x000008e0   0x00000098   Code   RO          137    i.SystemInit        system_tm4c123.o
    0x00000978   0x00000978   0x00000070   Code   RO            8    i.Train_Task        main.o
    0x000009e8   0x000009e8   0x00000030   Code   RO            9    i.Turn_Red_Leds_on  main.o
    0x00000a18   0x00000a18   0x0000003c   Code   RO          645    i.eTaskConfirmSleepModeStatus  tasks.o
    0x00000a54   0x00000a54   0x00000070   Code   RO           10    i.main              main.o
    0x00000ac4   0x00000ac4   0x000000a4   Code   RO          648    i.prvAddCurrentTaskToDelayedList  tasks.o
    0x00000b68   0x00000b68   0x000000b8   Code   RO          649    i.prvAddNewTaskToReadyList  tasks.o
    0x00000c20   0x00000c20   0x0000004c   Code   RO         1051    i.prvCheckForValidListAndQueue  timers.o
    0x00000c6c   0x00000c6c   0x00000048   Code   RO          650    i.prvCheckTasksWaitingTermination  tasks.o
    0x00000cb4   0x00000cb4   0x0000002a   Code   RO          393    i.prvCopyDataFromQueue  queue.o
    0x00000cde   0x00000cde   0x0000007e   Code   RO          394    i.prvCopyDataToQueue  queue.o
    0x00000d5c   0x00000d5c   0x00000012   Code   RO          651    i.prvDeleteTCB      tasks.o
    0x00000d6e   0x00000d6e   0x00000002   PAD
    0x00000d70   0x00000d70   0x0000004c   Code   RO          652    i.prvGetExpectedIdleTime  tasks.o
    0x00000dbc   0x00000dbc   0x00000028   Code   RO         1052    i.prvGetNextExpireTime  timers.o
    0x00000de4   0x00000de4   0x00000080   Code   RO          653    i.prvIdleTask       tasks.o
    0x00000e64   0x00000e64   0x0000002e   Code   RO          397    i.prvInitialiseNewQueue  queue.o
    0x00000e92   0x00000e92   0x000000c2   Code   RO          654    i.prvInitialiseNewTask  tasks.o
    0x00000f54   0x00000f54   0x00000068   Code   RO          655    i.prvInitialiseTaskLists  tasks.o
    0x00000fbc   0x00000fbc   0x00000058   Code   RO         1054    i.prvInsertTimerInActiveList  timers.o
    0x00001014   0x00001014   0x0000001a   Code   RO          398    i.prvIsQueueEmpty   queue.o
    0x0000102e   0x0000102e   0x0000001e   Code   RO          399    i.prvIsQueueFull    queue.o
    0x0000104c   0x0000104c   0x00000090   Code   RO          400    i.prvNotifyQueueSetContainer  queue.o
    0x000010dc   0x000010dc   0x00000074   Code   RO         1055    i.prvProcessExpiredTimer  timers.o
    0x00001150   0x00001150   0x00000164   Code   RO         1056    i.prvProcessReceivedCommands  timers.o
    0x000012b4   0x000012b4   0x00000074   Code   RO         1057    i.prvProcessTimerOrBlockTask  timers.o
    0x00001328   0x00001328   0x00000034   Code   RO          657    i.prvResetNextTaskUnblockTime  tasks.o
    0x0000135c   0x0000135c   0x0000002c   Code   RO         1058    i.prvSampleTimeNow  timers.o
    0x00001388   0x00001388   0x000000a4   Code   RO         1059    i.prvSwitchTimerLists  timers.o
    0x0000142c   0x0000142c   0x00000040   Code   RO          312    i.prvTaskExitError  port.o
    0x0000146c   0x0000146c   0x00000058   Code   RO          660    i.prvTaskIsTaskSuspended  tasks.o
    0x000014c4   0x000014c4   0x0000001a   Code   RO         1060    i.prvTimerTask      timers.o
    0x000014de   0x000014de   0x00000092   Code   RO          401    i.prvUnlockQueue    queue.o
    0x00001570   0x00001570   0x00000070   Code   RO          265    i.pvPortMalloc      heap_1.o
    0x000015e0   0x000015e0   0x0000002c   Code   RO          313    i.pxPortInitialiseStack  port.o
    0x0000160c   0x0000160c   0x00000028   Code   RO          214    i.uxListRemove      list.o
    0x00001634   0x00001634   0x00000080   Code   RO           11    i.vApplicationIdleHook  main.o
    0x000016b4   0x000016b4   0x0000001a   Code   RO          215    i.vListInitialise   list.o
    0x000016ce   0x000016ce   0x00000006   Code   RO          216    i.vListInitialiseItem  list.o
    0x000016d4   0x000016d4   0x00000034   Code   RO          217    i.vListInsert       list.o
    0x00001708   0x00001708   0x00000018   Code   RO          218    i.vListInsertEnd    list.o
    0x00001720   0x00001720   0x00000054   Code   RO          315    i.vPortEnterCritical  port.o
    0x00001774   0x00001774   0x0000003c   Code   RO          316    i.vPortExitCritical  port.o
    0x000017b0   0x000017b0   0x00000022   Code   RO          266    i.vPortFree         heap_1.o
    0x000017d2   0x000017d2   0x00000002   PAD
    0x000017d4   0x000017d4   0x00000068   Code   RO          317    i.vPortSetupTimerInterrupt  port.o
    0x0000183c   0x0000183c   0x0000014c   Code   RO          318    i.vPortSuppressTicksAndSleep  port.o
    0x00001988   0x00001988   0x00000078   Code   RO          319    i.vPortValidateInterruptPriority  port.o
    0x00001a00   0x00001a00   0x0000004a   Code   RO          409    i.vQueueWaitForMessageRestricted  queue.o
    0x00001a4a   0x00001a4a   0x00000002   PAD
    0x00001a4c   0x00001a4c   0x0000005c   Code   RO          671    i.vTaskDelay        tasks.o
    0x00001aa8   0x00001aa8   0x00000018   Code   RO          676    i.vTaskInternalSetTimeOutState  tasks.o
    0x00001ac0   0x00001ac0   0x0000000c   Code   RO          677    i.vTaskMissedYield  tasks.o
    0x00001acc   0x00001acc   0x00000038   Code   RO          679    i.vTaskPlaceOnEventList  tasks.o
    0x00001b04   0x00001b04   0x00000040   Code   RO          680    i.vTaskPlaceOnEventListRestricted  tasks.o
    0x00001b44   0x00001b44   0x00000090   Code   RO          685    i.vTaskResume       tasks.o
    0x00001bd4   0x00001bd4   0x00000094   Code   RO          688    i.vTaskStartScheduler  tasks.o
    0x00001c68   0x00001c68   0x00000040   Code   RO          689    i.vTaskStepTick     tasks.o
    0x00001ca8   0x00001ca8   0x000000f4   Code   RO          690    i.vTaskSuspend      tasks.o
    0x00001d9c   0x00001d9c   0x00000010   Code   RO          691    i.vTaskSuspendAll   tasks.o
    0x00001dac   0x00001dac   0x0000008c   Code   RO          692    i.vTaskSwitchContext  tasks.o
    0x00001e38   0x00001e38   0x00000168   Code   RO          320    i.xPortStartScheduler  port.o
    0x00001fa0   0x00001fa0   0x0000005a   Code   RO          414    i.xQueueGenericCreate  queue.o
    0x00001ffa   0x00001ffa   0x00000002   PAD
    0x00001ffc   0x00001ffc   0x00000098   Code   RO          415    i.xQueueGenericReset  queue.o
    0x00002094   0x00002094   0x000001d8   Code   RO          416    i.xQueueGenericSend  queue.o
    0x0000226c   0x0000226c   0x00000108   Code   RO          417    i.xQueueGenericSendFromISR  queue.o
    0x00002374   0x00002374   0x00000168   Code   RO          426    i.xQueueReceive     queue.o
    0x000024dc   0x000024dc   0x000000a8   Code   RO          694    i.xTaskCheckForTimeOut  tasks.o
    0x00002584   0x00002584   0x00000060   Code   RO          695    i.xTaskCreate       tasks.o
    0x000025e4   0x000025e4   0x00000020   Code   RO          701    i.xTaskGetSchedulerState  tasks.o
    0x00002604   0x00002604   0x0000000c   Code   RO          702    i.xTaskGetTickCount  tasks.o
    0x00002610   0x00002610   0x00000148   Code   RO          704    i.xTaskIncrementTick  tasks.o
    0x00002758   0x00002758   0x000000c8   Code   RO          707    i.xTaskPriorityDisinherit  tasks.o
    0x00002820   0x00002820   0x0000009c   Code   RO          709    i.xTaskRemoveFromEventList  tasks.o
    0x000028bc   0x000028bc   0x00000104   Code   RO          710    i.xTaskResumeAll    tasks.o
    0x000029c0   0x000029c0   0x00000054   Code   RO         1067    i.xTimerCreateTimerTask  timers.o
    0x00002a14   0x00002a14   0x00000084   Code   RO         1068    i.xTimerGenericCommand  timers.o
    0x00002a98   0x00002a98   0x0000000a   Code   RO         1305    x$fpl$fpinit        fz_wm.l(fpinit.o)
    0x00002aa2   0x00002aa2   0x00000002   PAD
    0x00002aa4   0x00002aa4   0x00000020   Data   RO         1373    Region$$Table       anon$$obj.o


    Execution Region ER_RW (Exec base: 0x20000000, Load base: 0x00002ac4, Size: 0x0000009c, Max: 0xffffffff, ABSOLUTE)

    Exec Addr    Load Addr    Size         Type   Attr      Idx    E Section Name        Object

    0x20000000   0x00002ac4   0x00000028   Data   RW           12    .data               main.o
    0x20000028   0x00002aec   0x00000004   Data   RW          139    .data               system_tm4c123.o
    0x2000002c   0x00002af0   0x00000008   Data   RW          270    .data               heap_1.o
    0x20000034   0x00002af8   0x00000018   Data   RW          321    .data               port.o
    0x2000004c   0x00002b10   0x0000003c   Data   RW          713    .data               tasks.o
    0x20000088   0x00002b4c   0x00000014   Data   RW         1076    .data               timers.o


    Execution Region ER_ZI (Exec base: 0x2000009c, Load base: 0x00002b60, Size: 0x00001354, Max: 0xffffffff, ABSOLUTE)

    Exec Addr    Load Addr    Size         Type   Attr      Idx    E Section Name        Object

    0x2000009c        -       0x00001000   Zero   RW          269    .bss                heap_1.o
    0x2000109c        -       0x000000c8   Zero   RW          712    .bss                tasks.o
    0x20001164        -       0x00000028   Zero   RW         1075    .bss                timers.o
    0x2000118c        -       0x00000060   Zero   RW         1247    .bss                c_w.l(libspace.o)
    0x200011ec   0x00002b60   0x00000004   PAD
    0x200011f0        -       0x00000000   Zero   RW          126    HEAP                startup_tm4c123.o
    0x200011f0        -       0x00000200   Zero   RW          125    STACK               startup_tm4c123.o


==============================================================================

Image component sizes


      Code (inc. data)   RO Data    RW Data    ZI Data      Debug   Object Name

         0          0          0          0          0       2292   freertos_evr.o
       146         14          0          8       4096      10947   heap_1.o
       148          0          0          0          0       5226   list.o
       846        204          0         40          0      22487   main.o
      1410        118          0         24          0      13826   port.o
      1972         14          0          0          0      25743   queue.o
       276         24        620          0        512       5564   startup_tm4c123.o
       152         40          0          4          0       1007   system_tm4c123.o
      3396        466          0         60        200      31737   tasks.o
      1242        106          0         20         40      13547   timers.o

    ----------------------------------------------------------------------
      9600        986        652        156       4848     132376   Object Totals
         0          0         32          0          0          0   (incl. Generated)
        12          0          0          0          0          0   (incl. Padding)

    ----------------------------------------------------------------------

      Code (inc. data)   RO Data    RW Data    ZI Data      Debug   Library Member Name

         8          0          0          0          0         68   __main.o
         0          0          0          0          0          0   __rtentry.o
        12          0          0          0          0          0   __rtentry2.o
         6          0          0          0          0          0   __rtentry4.o
        52          8          0          0          0          0   __scatter.o
        26          0          0          0          0          0   __scatter_copy.o
        28          0          0          0          0          0   __scatter_zi.o
        16          0          0          0          0         68   aeabi_memset.o
        18          0          0          0          0         80   exit.o
         6          0          0          0          0        152   heapauxi.o
         0          0          0          0          0          0   indicate_semi.o
         2          0          0          0          0          0   libinit.o
         6          0          0          0          0          0   libinit2.o
         2          0          0          0          0          0   libshutdown.o
         2          0          0          0          0          0   libshutdown2.o
         8          4          0          0         96         68   libspace.o
        68          0          0          0          0         68   rt_memclr.o
        78          0          0          0          0         80   rt_memclr_w.o
       138          0          0          0          0         68   rt_memcpy_v6.o
       100          0          0          0          0         80   rt_memcpy_w.o
         2          0          0          0          0          0   rtexit.o
        10          0          0          0          0          0   rtexit2.o
        12          4          0          0          0         68   sys_exit.o
        74          0          0          0          0         80   sys_stackheap_outer.o
         2          0          0          0          0         68   use_no_semi.o
        10          0          0          0          0        116   fpinit.o

    ----------------------------------------------------------------------
       696         16          0          0        100       1064   Library Totals
        10          0          0          0          4          0   (incl. Padding)

    ----------------------------------------------------------------------

      Code (inc. data)   RO Data    RW Data    ZI Data      Debug   Library Name

       676         16          0          0         96        948   c_w.l
        10          0          0          0          0        116   fz_wm.l

    ----------------------------------------------------------------------
       696         16          0          0        100       1064   Library Totals

    ----------------------------------------------------------------------

==============================================================================


      Code (inc. data)   RO Data    RW Data    ZI Data      Debug   

     10296       1002        652        156       4948     125124   Grand Totals
     10296       1002        652        156       4948     125124   ELF Image Totals
     10296       1002        652        156          0          0   ROM Totals

==============================================================================

    Total RO  Size (Code + RO Data)                10948 (  10.69kB)
    Total RW  Size (RW Data + ZI Data)              5104 (   4.98kB)
    Total ROM Size (Code + RO Data + RW Data)      11104 (  10.84kB)

==============================================================================

